Command: /nix/store/x6sc9qfsz5ki13s9faaiblwg3js78ma8-python3-3.12.11-env/bin/python3.12 /nix/store/3kwgdiamcz3g9z6889bir2lqp0sd6paz-esp-idf-v5.5.1/tools/idf_monitor.py -p /dev/ttyUSB0 -b 115200 --toolchain-prefix xtensa-esp32-elf- --target esp32 --revision 0 /home/blank/MCU/ESP32/ESP32/Uart/build/Uart.elf /home/blank/MCU/ESP32/ESP32/Uart/build/bootloader/bootloader.elf -m '/nix/store/x6sc9qfsz5ki13s9faaiblwg3js78ma8-python3-3.12.11-env/bin/python3.12' '/nix/store/3kwgdiamcz3g9z6889bir2lqp0sd6paz-esp-idf-v5.5.1/tools/idf.py'
) efuse_init: Min chip rev:     v0.0
[0;32mI (215) efuse_init: Max chip �ets Jul 29 2019 12:21:46[0m

rst:0x1 (POWERON_RESET),boot:0x13 (SPI_FAST_FLASH_BOOT)
configsip: 0, SPIWP:0xee
clk_drv:0x00,q_drv:0x00,d_drv:0x00,cs0_drv:0x00,hd_drv:0x00,wp_drv:0x00
mode:DIO, clock div:2
load:0x3fff0030,len:6380
ho 0 tail 12 room 4
load:0x40078000,len:15916
load:0x40080400,len:3860
entry 0x40080638
[0;32mI (29) boot: ESP-IDF v5.5.1 2nd stage bootloader[0m
[0;32mI (29) boot: compile time Jan  1 1980 00:00:00[0m
[0;32mI (29) boot: Multicore bootloader[0m
[0;32mI (31) boot: chip revision: v3.1[0m
[0;32mI (33) boot.esp32: SPI Speed      : 40MHz[0m
[0;32mI (37) boot.esp32: SPI Mode       : DIO[0m
[0;32mI (41) boot.esp32: SPI Flash Size : 2MB[0m
[0;32mI (44) boot: Enabling RNG early entropy source...[0m
[0;32mI (49) boot: Partition Table:[0m
[0;32mI (51) boot: ## Label            Usage          Type ST Offset   Length[0m
[0;32mI (58) boot:  0 nvs              WiFi data        01 02 00009000 00006000[0m
[0;32mI (64) boot:  1 phy_init         RF data          01 01 0000f000 00001000[0m
[0;32mI (71) boot:  2 factory          factory app      00 00 00010000 00100000[0m
[0;32mI (77) boot: End of partition table[0m
[0;32mI (81) esp_image: segment 0: paddr=00010020 vaddr=3f400020 size=0b3e0h ( 46048) map[0m
[0;32mI (104) esp_image: segment 1: paddr=0001b408 vaddr=3ffb0000 size=023f8h (  9208) load[0m
[0;32mI (107) esp_image: segment 2: paddr=0001d808 vaddr=40080000 size=02810h ( 10256) load[0m
[0;32mI (112) esp_image: segment 3: paddr=00020020 vaddr=400d0020 size=16314h ( 90900) map[0m
[0;32mI (146) esp_image: segment 4: paddr=0003633c vaddr=40082810 size=0b80ch ( 47116) load[0m
[0;32mI (165) esp_image: segment 5: paddr=00041b50 vaddr=50000000 size=00020h (    32) load[0m
[0;32mI (172) boot: Loaded app from partition at offset 0x10000[0m
[0;32mI (172) boot: Disabling RNG early entropy source...[0m
[0;32mI (183) cpu_start: Multicore app[0m
[0;32mI (191) cpu_start: Pro cpu start user code[0m
[0;32mI (191) cpu_start: cpu freq: 160000000 Hz[0m
[0;32mI (191) app_init: Application information:[0m
[0;32mI (191) app_init: Project name:     Uart[0m
[0;32mI (195) app_init: App version:      1[0m
[0;32mI (198) app_init: Compile time:     Jan  1 1980 00:00:00[0m
[0;32mI (204) app_init: ELF file SHA256:  7515a0ea1...[0m
[0;32mI (208) app_init: ESP-IDF:          v5.5.1[0m
[0;32mI (212) efuse_init: Min chip rev:     v0.0[0m
[0;32mI (215) efuse_init: Max chip rev:     v3.99 [0m
[0;32mI (219) efuse_init: Chip rev:         v3.1[0m
[0;32mI (224) heap_init: Initializing. RAM available for dynamic allocation:[0m
[0;32mI (230) heap_init: At 3FFAE6E0 len 00001920 (6 KiB): DRAM[0m
[0;32mI (235) heap_init: At 3FFB2CC8 len 0002D338 (180 KiB): DRAM[0m
[0;32mI (240) heap_init: At 3FFE0440 len 00003AE0 (14 KiB): D/IRAM[0m
[0;32mI (245) heap_init: At 3FFE4350 len 0001BCB0 (111 KiB): D/IRAM[0m
[0;32mI (251) heap_init: At 4008E01C len 00011FE4 (71 KiB): IRAM[0m
[0;32mI (258) spi_flash: detected chip: generic[0m
[0;32mI (260) spi_flash: flash io: dio[0m
[0;33mW (263) spi_flash: Detected size(4096k) larger than the size in the binary image header(2048k). Using the size in the binary image header.[0m
[0;32mI (276) main_task: Started on CPU0[0m
[0;32mI (286) main_task: Calling app_main()[0m
[0;32mI (286) UART: Настройка конфигурации UART со следующими параметрами: [0m
	скорость передачи данных: 115200
	количество бит: 8
	бит паритета: отключен
	управление потоком: отключено
	источник частоты: стандартный
	стоповый бит: 1
[0;32mI (316) UART: Установка драйвера UART...[0m
[0;32mI (316) UART: УСПЕШНА[0m
[0;32mI (316) UART: Применение конфигурации UART[0m
[0;32mI (326) UART: УСПЕШНА[0m
[0;32mI (326) UART: Установка пинов интерфейса: TX = 17, RX = 16...[0m
[0;32mI (336) UART: УСПЕШНА[0m
[0;32mI (336) UART: Создание задачи приемо-передачи UART[0m
[0;32mI (346) UART: Выделение динамической памяти для данных UART[0m
[0;32mI (356) UART: Задача UART запущена. Ожидание данных...[0m
[0;32mI (356) UART: UART задача создана[0m
[0;32mI (366) main_task: Returned from app_main()[0m
