Command: /nix/store/x6sc9qfsz5ki13s9faaiblwg3js78ma8-python3-3.12.11-env/bin/python3.12 /nix/store/3kwgdiamcz3g9z6889bir2lqp0sd6paz-esp-idf-v5.5.1/tools/idf_monitor.py -p /dev/ttyUSB0 -b 115200 --toolchain-prefix xtensa-esp32-elf- --target esp32 --revision 0 /home/blank/MCU/ESP32/ESP32/McuToMcuSpiConnect/Slave/build/Slave.elf /home/blank/MCU/ESP32/ESP32/McuToMcuSpiConnect/Slave/build/bootloader/bootloader.elf -m '/nix/store/x6sc9qfsz5ki13s9faaiblwg3js78ma8-python3-3.12.11-env/bin/python3.12' '/nix/store/3kwgdiamcz3g9z6889bir2lqp0sd6paz-esp-idf-v5.5.1/tools/idf.py'
ets Jul 29 2019 12:21:46

rst:0x1 (POWERON_RESET),boot:0x13 (SPI_FAST_FLASH_BOOT)
configsip: 0, SPIWP:0xee
clk_drv:0x00,q_drv:0x00,d_drv:0x00,cs0_drv:0x00,hd_drv:0x00,wp_drv:0x00
mode:DIO, clock div:2
load:0x3fff0030,len:6380
ho 0 tail 12 room 4
load:0x40078000,len:15916
load:0x40080400,len:3860
entry 0x40080638
[0;32mI (29) boot: ESP-IDF v5.5.1 2nd stage bootloader[0m
[0;32mI (29) boot: compile time Jan  1 1980 00:00:00[0m
[0;32mI (29) boot: Multicore bootloader[0m
[0;32mI (31) boot: chip revision: v3.1[0m
[0;32mI (33) boot.esp32: SPI Speed      : 40MHz[0m
[0;32mI (37) boot.esp32: SPI Mode       : DIO[0m
[0;32mI (41) boot.esp32: SPI Flash Size : 2MB[0m
[0;32mI (44) boot: Enabling RNG early entropy source...[0m
[0;32mI (49) boot: Partition Table:[0m
[0;32mI (51) boot: ## Label            Usage          Type ST Offset   Length[0m
[0;32mI (58) boot:  0 nvs              WiFi data        01 02 00009000 00006000[0m
[0;32mI (64) boot:  1 phy_init         RF data          01 01 0000f000 00001000[0m
[0;32mI (71) boot:  2 factory          factory app      00 00 00010000 00100000[0m
[0;32mI (77) boot: End of partition table[0m
[0;32mI (81) esp_image: segment 0: paddr=00010020 vaddr=3f400020 size=114a8h ( 70824) map[0m
[0;32mI (112) esp_image: segment 1: paddr=000214d0 vaddr=3ffb0000 size=0276ch ( 10092) load[0m
[0;32mI (116) esp_image: segment 2: paddr=00023c44 vaddr=40080000 size=0c3d4h ( 50132) load[0m
[0;32mI (136) esp_image: segment 3: paddr=00030020 vaddr=400d0020 size=54504h (345348) map[0m
[0;32mI (254) esp_image: segment 4: paddr=0008452c vaddr=4008c3d4 size=04500h ( 17664) load[0m
[0;32mI (261) esp_image: segment 5: paddr=00088a34 vaddr=50000000 size=00020h (    32) load[0m
[0;32mI (270) boot: Loaded app from partition at offset 0x10000[0m
[0;32mI (270) boot: Disabling RNG early entropy source...[0m
[0;32mI (282) cpu_start: Multicore app[0m
[0;32mI (291) cpu_start: Pro cpu start user code[0m
[0;32mI (291) cpu_start: cpu freq: 160000000 Hz[0m
[0;32mI (291) app_init: Application information:[0m
[0;32mI (291) app_init: Project name:     Slave[0m
[0;32mI (295) app_init: App version:      eb013d3-dirty[0m
[0;32mI (299) app_init: Compile time:     Jan  1 1980 00:00:00[0m
[0;32mI (304) app_init: ELF file SHA256:  4452839e7...[0m
[0;32mI (308) app_init: ESP-IDF:          v5.5.1[0m
[0;32mI (312) efuse_init: Min chip rev:     v0.0[0m
[0;32mI (316) efuse_init: Max chip rev:     v3.99 [0m
[0;32mI (320) efuse_init: Chip rev:         v3.1[0m
[0;32mI (324) heap_init: Initializing. RAM available for dynamic allocation:[0m
[0;32mI (330) heap_init: At 3FFAE6E0 len 00001920 (6 KiB): DRAM[0m
[0;32mI (335) heap_init: At 3FFC3440 len 0001CBC0 (114 KiB): DRAM[0m
[0;32mI (341) heap_init: At 3FFE0440 len 00003AE0 (14 KiB): D/IRAM[0m
[0;32mI (346) heap_init: At 3FFE4350 len 0001BCB0 (111 KiB): D/IRAM[0m
[0;32mI (351) heap_init: At 400908D4 len 0000F72C (61 KiB): IRAM[0m
[0;32mI (358) spi_flash: detected chip: generic[0m
[0;32mI (360) spi_flash: flash io: dio[0m
[0;33mW (363) spi_flash: Detected size(4096k) larger than the size in the binary image header(2048k). Using the size in the binary image header.[0m
[0;32mI (376) main_task: Started on CPU0[0m
[0;32mI (386) main_task: Calling app_main()[0m
[0;32mI (386) SPI Slave: Инициализация SPI Slave...[0m
[0;32mI (386) SPI Slave: Инициализация устройства SPI...[0m
[0;32mI (386) SPI Slave: УСПЕШНА[0m
[0;32mI (396) SPI Slave: Инициализация SPI Slave проша УСПЕШНО[0m
[0;32mI (396) ST7735: Инициализация Дисплея[0m
[1;31mE (406) spi_share_hw_ctrl: SPI2 already claimed by spi slave.[0m
[1;31mE (406) spi: spi_bus_initialize(826): host_id already in use[0m
[1;31mE (416) ST7735: ОШИБКА SPI[0m
[0;32mI (416) ST7735: Инициализация LVGL...[0m
[0;32mI (426) LVGL: Starting LVGL task[0m

assert failed: lvgl_port_add_disp_priv esp_lvgl_port_disp.c:265 (disp_cfg->panel_handle != NULL)


Backtrace: 0x40087139:0x3ffc5490 0x40087101:0x3ffc54b0 0x4008ec29:0x3ffc54d0 0x400d6c93:0x3ffc55f0 0x400d73d7:0x3ffc5630 0x400d6464:0x3ffc5660 0x400d6289:0x3ffc56d0 0x40123af0:0x3ffc56f0 0x40087ded:0x3ffc5720




ELF file SHA256: 4452839e7

Rebooting...
ets Jul 29 2019 12:21:46

rst:0xc (SW_CPU_RESET),boot:0x13 (SPI_FAST_FLASH_BOOT)
configsip: 0, SPIWP:0xee
clk_drv:0x00,q_drv:0x00,d_drv:0x00,cs0_drv:0x00,hd_drv:0x00,wp_drv:0x00
mode:DIO, clock div:2
load:0x3fff0030,len:6380
ho 0 tail 12 room 4
load:0x40078000,len:15916
load:0x40080400,len:3860
entry 0x40080638
[0;32mI (29) boot: ESP-IDF v5.5.1 2nd stage bootloader[0m
[0;32mI (29) boot: compile time Jan  1 1980 00:00:00[0m
[0;32mI (29) boot: Multicore bootloader[0m
[0;32mI (31) boot: chip revision: v3.1[0m
[0;32mI (33) boot.esp32: SPI Speed      : 40MHz[0m
[0;32mI (37) boot.esp32: SPI Mode       : DIO[0m
[0;32mI (41) boot.esp32: SPI Flash Size : 2MB[0m
[0;32mI (44) boot: Enabling RNG early entropy source...[0m
[0;32mI (49) boot: Partition Table:[0m
[0;32mI (51) boot: ## Label            Usage          Type ST Offset   Length[0m
[0;32mI (58) boot:  0 nvs              WiFi data        01 02 00009000 00006000[0m
[0;32mI (64) boot:  1 phy_init         RF data          01 01 0000f000 00001000[0m
[0;32mI (71) boot:  2 factory          factory app      00 00 00010000 00100000[0m
[0;32mI (77) boot: End of partition table[0m
[0;32mI (80) esp_image: segment 0: paddr=00010020 vaddr=3f400020 size=114a8h ( 70824) map[0m
[0;32mI (112) esp_image: segment 1: paddr=000214d0 vaddr=3ffb0000 size=0276ch ( 10092) load[0m
[0;32mI (116) esp_image: segment 2: paddr=00023c44 vaddr=40080000 size=0c3d4h ( 50132) load[0m
[0;32mI (136) esp_image: segment 3: paddr=00030020 vaddr=400d0020 size=54504h (345348) map[0m
[0;32mI (254) esp_image: segment 4: paddr=0008452c vaddr=4008c3d4 size=04500h ( 17664) load[0m
[0;32mI (261) esp_image: segment 5: paddr=00088a34 vaddr=50000000 size=00020h (    32) load[0m
[0;32mI (270) boot: Loaded app from partition at offset 0x10000[0m
[0;32mI (270) boot: Disabling RNG early entropy source...[0m
[0;32mI (282) cpu_start: Multicore app[0m
[0;32mI (291) cpu_start: Pro cpu start user code[0m
[0;32mI (291) cpu_start: cpu freq: 160000000 Hz[0m
[0;32mI (291) app_init: Application information:[0m
[0;32mI (291) app_init: Project name:     Slave[0m
[0;32mI (295) app_init: App version:      eb013d3-dirty[0m
[0;32mI (299) app_init: Compile time:     Jan  1 1980 00:00:00[0m
[0;32mI (304) app_init: ELF file SHA256:  4452839e7...[0m
[0;32mI (308) app_init: ESP-IDF:          v5.5.1[0m
[0;32mI (312) efuse_init: Min chip rev:     v0.0[0m
[0;32mI (316) efuse_init: Max chip rev:     v3.99 [0m
[0;32mI (320) efuse_init: Chip rev:         v3.1[0m
[0;32mI (324) heap_init: Initializing. RAM available for dynamic allocation:[0m
[0;32mI (330) heap_init: At 3FFAE6E0 len 00001920 (6 KiB): DRAM[0m
[0;32mI (335) heap_init: At 3FFC3440 len 0001CBC0 (114 KiB): DRAM[0m
[0;32mI (340) heap_init: At 3FFE0440 len 00003AE0 (14 KiB): D/IRAM[0m
[0;32mI (346) heap_init: At 3FFE4350 len 0001BCB0 (111 KiB): D/IRAM[0m
[0;32mI (351) heap_init: At 400908D4 len 0000F72C (61 KiB): IRAM[0m
[0;32mI (358) spi_flash: detected chip: generic[0m
[0;32mI (360) spi_flash: flash io: dio[0m
[0;33mW (363) spi_flash: Detected size(4096k) larger than the size in the binary image header(2048k). Using the size in the binary image header.[0m
[0;32mI (376) main_task: Started on CPU0[0m
[0;32mI (386) main_task: Calling app_main()[0m
[0;32mI (386) SPI Slave: Инициализация SPI Slave...[0m
[0;32mI (386) SPI Slave: Инициализация устройства SPI...[0m
[0;32mI (386) SPI Slave: УСПЕШНА[0m
[0;32mI (396) SPI Slave: Инициализация SPI Slave проша УСПЕШНО[0m
[0;32mI (396) ST7735: Инициализация Дисплея[0m
[1;31mE (406) spi_share_hw_ctrl: SPI2 already claimed by spi slave.[0m
[1;31mE (406) spi: spi_bus_initialize(826): host_id already in use[0m
[1;31mE (416) ST7735: ОШИБКА SPI[0m
[0;32mI (416) ST7735: Инициализация LVGL...[0m
[0;32mI (426) LVGL: Starting LVGL task[0m

assert failed: lvgl_port_add_disp_priv esp_lvgl_port_disp.c:265 (disp_cfg->panel_handle != NULL)


Backtrace: 0x40087139:0x3ffc5490 0x40087101:0x3ffc54b0 0x4008ec29:0x3ffc54d0 0x400d6c93:0x3ffc55f0 0x400d73d7:0x3ffc5630 0x400d6464:0x3ffc5660 0x400d6289:0x3ffc56d0 0x40123af0:0x3ffc56f0 0x40087ded:0x3ffc5720




ELF file SHA256: 4452839e7

Rebooting...
ets Jul 29 2019 12:21:46

rst:0xc (SW_CPU_RESET),boot:0x13 (SPI_FAST_FLASH_BOOT)
configsip: 0, SPIWP:0xee
clk_drv:0x00,q_drv:0x00,d_drv:0x00,cs0_drv:0x00,hd_drv:0x00,wp_drv:0x00
mode:DIO, clock div:2
load:0x3fff0030,len:6380
ho 0 tail 12 room 4
load:0x40078000,len:15916
load:0x40080400,len:3860
entry 0x40080638
[0;32mI (29) boot: ESP-IDF v5.5.1 2nd stage bootloader[0m
[0;32mI (29) boot: compile time Jan  1 1980 00:00:00[0m
[0;32mI (29) boot: Multicore bootloader[0m
[0;32mI (31) boot: chip revision: v3.1[0m
[0;32mI (33) boot.esp32: SPI Speed      : 40MHz[0m
[0;32mI (37) boot.esp32: SPI Mode       : DIO[0m
[0;32mI (41) boot.esp32: SPI Flash Size : 2MB[0m
[0;32mI (44) boot: Enabling RNG early entropy source...[0m
[0;32mI (49) boot: Partition Table:[0m
[0;32mI (51) boot: ## Label            Usage          Type ST Offset   Length[0m
[0;32mI (58) boot:  0 nvs              WiFi data        01 02 00009000 00006000[0m
[0;32mI (64) boot:  1 phy_init         RF data          01 01 0000f000 00001000[0m
[0;32mI (71) boot:  2 factory          factory app      00 00 00010000 00100000[0m
[0;32mI (77) boot: End of partition table[0m
[0;32mI (80) esp_image: segment 0: paddr=00010020 vaddr=3f400020 size=114a8h ( 70824) map[0m
[0;32mI (112) esp_image: segment 1: paddr=000214d0 vaddr=3ffb0000 size=0276ch ( 10092) load[0m
[0;32mI (116) esp_image: segment 2: paddr=00023c44 vaddr=40080000 size=0c3d4h ( 50132) load[0m
[0;32mI (136) esp_image: segment 3: paddr=00030020 vaddr=400d0020 size=54504h (345348) map[0m
[0;32mI (254) esp_image: segment 4: paddr=0008452c vaddr=4008c3d4 size=04500h ( 17664) load[0m
[0;32mI (261) esp_image: segment 5: paddr=00088a34 vaddr=50000000 size=00020h (    32) load[0m
[0;32mI (270) boot: Loaded app from partition at offset 0x10000[0m
[0;32mI (270) boot: Disabling RNG early entropy source...[0m
[0;32mI (282) cpu_start: Multicore app[0m
[0;32mI (291) cpu_start: Pro cpu start user code[0m
[0;32mI (291) cpu_start: cpu freq: 160000000 Hz[0m
[0;32mI (291) app_init: Application information:[0m
[0;32mI (291) app_init: Project name:     Slave[0m
[0;32mI (295) app_init: App version:      eb013d3-dirty[0m
[0;32mI (299) app_init: Compile time:     Jan  1 1980 00:00:00[0m
[0;32mI (304) app_init: ELF file SHA256:  4452839e7...[0m
[0;32mI (308) app_init: ESP-IDF:          v5.5.1[0m
[0;32mI (312) efuse_init: Min chip rev:     v0.0[0m
[0;32mI (316) efuse_init: Max chip rev:     v3.99 [0m
[0;32mI (320) efuse_init: Chip rev:         v3.1[0m
[0;32mI (324) heap_init: Initializing. RAM available for dynamic allocation:[0m
[0;32mI (330) heap_init: At 3FFAE6E0 len 00001920 (6 KiB): DRAM[0m
[0;32mI (335) heap_init: At 3FFC3440 len 0001CBC0 (114 KiB): DRAM[0m
[0;32mI (340) heap_init: At 3FFE0440 len 00003AE0 (14 KiB): D/IRAM[0m
[0;32mI (346) heap_init: At 3FFE4350 len 0001BCB0 (111 KiB): D/IRAM[0m
[0;32mI (351) heap_init: At 400908D4 len 0000F72C (61 KiB): IRAM[0m
[0;32mI (358) spi_flash: detected chip: generic[0m
[0;32mI (360) spi_flash: flash io: dio[0m
[0;33mW (363) spi_flash: Detected size(4096k) larger than the size in the binary image header(2048k). Using the size in the binary image header.[0m
[0;32mI (376) main_task: Started on CPU0[0m
[0;32mI (386) main_task: Calling app_main()[0m
[0;32mI (386) SPI Slave: Инициализация SPI Slave...[0m
[0;32mI (386) SPI Slave: Инициализация устройства SPI...[0m
[0;32mI (386) SPI Slave: УСПЕШНА[0m
[0;32mI (396) SPI Slave: Инициализация SPI Slave проша УСПЕШНО[0m
[0;32mI (396) ST7735: Инициализация Дисплея[0m
[1;31mE (406) spi_share_hw_ctrl: SPI2 already claimed by spi slave.[0m
[1;31mE (406) spi: spi_bus_initialize(826): host_id already in use[0m
[1;31mE (416) ST7735: ОШИБКА SPI[0m
[0;32mI (416) ST7735: Инициализация LVGL...[0m
[0;32mI (426) LVGL: Starting LVGL task[0m

assert failed: lvgl_port_add_disp_priv esp_lvgl_port_disp.c:265 (disp_cfg->panel_handle != NULL)


Backtrace: 0x40087139:0x3ffc5490 0x40087101:0x3ffc54b0 0x4008ec29:0x3ffc54d0 0x400d6c93:0x3ffc55f0 0x400d73d7:0x3ffc5630 0x400d6464:0x3ffc5660 0x400d6289:0x3ffc56d0 0x40123af0:0x3ffc56f0 0x40087ded:0x3ffc5720




ELF file SHA256: 4452839e7

Rebooting...
ets Jul 29 2019 12:21:46

rst:0xc (SW_CPU_RESET),boot:0x13 (SPI_FAST_FLASH_BOOT)
configsip: 0, SPIWP:0xee
clk_drv:0x00,q_drv:0x00,d_drv:0x00,cs0_drv:0x00,hd_drv:0x00,wp_drv:0x00
mode:DIO, clock div:2
load:0x3fff0030,len:6380
ho 0 tail 12 room 4
load:0x40078000,len:15916
load:0x40080400,len:3860
entry 0x40080638
[0;32mI (29) boot: ESP-IDF v5.5.1 2nd stage bootloader[0m
[0;32mI (29) boot: compile time Jan  1 1980 00:00:00[0m
[0;32mI (29) boot: Multicore bootloader[0m
[0;32mI (31) boot: chip revision: v3.1[0m
[0;32mI (33) boot.esp32: SPI Speed      : 40MHz[0m
[0;32mI (37) boot.esp32: SPI Mode       : DIO[0m
[0;32mI (41) boot.esp32: SPI Flash Size : 2MB[0m
[0;32mI (44) boot: Enabling RNG early entropy source...[0m
[0;32mI (49) boot: Partition Table:[0m
[0;32mI (51) boot: ## Label            Usage          Type ST Offset   Length[0m
[0;32mI (58) boot:  0 nvs              WiFi data        01 02 00009000 00006000[0m
[0;32mI (64) boot:  1 phy_init         RF data          01 01 0000f000 00001000[0m
[0;32mI (71) boot:  2 factory          factory app      00 00 00010000 00100000[0m
[0;32mI (77) boot: End of partition table[0m
[0;32mI (80) esp_image: segment 0: paddr=00010020 vaddr=3f400020 size=114a8h ( 70824) map[0m
[0;32mI (112) esp_image: segment 1: paddr=000214d0 vaddr=3ffb0000 size=0276ch ( 10092) load[0m
[0;32mI (116) esp_image: segment 2: paddr=00023c44 vaddr=40080000 size=0c3d4h ( 50132) load[0m
[0;32mI (136) esp_image: segment 3: paddr=00030020 vaddr=400d0020 size=54504h (345348) map[0m
[0;32mI (254) esp_image: segment 4: paddr=0008452c vaddr=4008c3d4 size=04500h ( 17664) load[0m
[0;32mI (261) esp_image: segment 5: paddr=00088a34 vaddr=50000000 size=00020h (    32) load[0m
[0;32mI (270) boot: Loaded app from partition at offset 0x10000[0m
[0;32mI (270) boot: Disabling RNG early entropy source...[0m
[0;32mI (282) cpu_start: Multicore app[0m
[0;32mI (291) cpu_start: Pro cpu start user code[0m
[0;32mI (291) cpu_start: cpu freq: 160000000 Hz[0m
[0;32mI (291) app_init: Application information:[0m
[0;32mI (291) app_init: Project name:     Slave[0m
[0;32mI (295) app_init: App version:      eb013d3-dirty[0m
[0;32mI (299) app_init: Compile time:     Jan  1 1980 00:00:00[0m
[0;32mI (304) app_init: ELF file SHA256:  4452839e7...[0m
[0;32mI (308) app_init: ESP-IDF:          v5.5.1[0m
[0;32mI (312) efuse_init: Min chip rev:     v0.0[0m
[0;32mI (316) efuse_init: Max chip rev:     v3.99 [0m
[0;32mI (320) efuse_init: Chip rev:         v3.1[0m
[0;32mI (324) heap_init: Initializing. RAM available for dynamic allocation:[0m
[0;32mI (330) heap_init: At 3FFAE6E0 len 00001920 (6 KiB): DRAM[0m
[0;32mI (335) heap_init: At 3FFC3440 len 0001CBC0 (114 KiB): DRAM[0m
[0;32mI (340) heap_init: At 3FFE0440 len 00003AE0 (14 KiB): D/IRAM[0m
[0;32mI (346) heap_init: At 3FFE4350 len 0001BCB0 (111 KiB): D/IRAM[0m
[0;32mI (351) heap_init: At 400908D4 len 0000F72C (61 KiB): IRAM[0m
[0;32mI (358) spi_flash: detected chip: generic[0m
[0;32mI (360) spi_flash: flash io: dio[0m
[0;33mW (363) spi_flash: Detected size(4096k) larger than the size in the binary image header(2048k). Using the size in the binary image header.[0m
[0;32mI (376) main_task: Started on CPU0[0m
[0;32mI (386) main_task: Calling app_main()[0m
[0;32mI (386) SPI Slave: Инициализация SPI Slave...[0m
[0;32mI (386) SPI Slave: Инициализация устройства SPI...[0m
[0;32mI (386) SPI Slave: УСПЕШНА[0m
[0;32mI (396) SPI Slave: Инициализация SPI Slave проша УСПЕШНО[0m
[0;32mI (396) ST7735: Инициализация Дисплея[0m
[1;31mE (406) spi_share_hw_ctrl: SPI2 already claimed by spi slave.[0m
[1;31mE (406) spi: spi_bus_initialize(826): host_id already in use[0m
[1;31mE (416) ST7735: ОШИБКА SPI[0m
[0;32mI (416) ST7735: Инициализация LVGL...[0m
[0;32mI (426) LVGL: Starting LVGL task[0m

assert failed: lvgl_port_add_disp_priv esp_lvgl_port_disp.c:265 (disp_cfg->panel_handle != NULL)


Backtrace: 0x40087139:0x3ffc5490 0x40087101:0x3ffc54b0 0x4008ec29:0x3ffc54d0 0x400d6c93:0x3ffc55f0 0x400d73d7:0x3ffc5630 0x400d6464:0x3ffc5660 0x400d6289:0x3ffc56d0 0x40123af0:0x3ffc56f0 0x40087ded:0x3ffc5720




ELF file SHA256: 4452839e7

Rebooting...
ets Jul 29 2019 12:21:46

rst:0xc (SW_CPU_RESET),boot:0x13 (SPI_FAST_FLASH_BOOT)
configsip: 0, SPIWP:0xee
clk_drv:0x00,q_drv:0x00,d_drv:0x00,cs0_drv:0x00,hd_drv:0x00,wp_drv:0x00
mode:DIO, clock div:2
load:0x3fff0030,len:6380
ho 0 tail 12 room 4
load:0x40078000,len:15916
load:0x40080400,len:3860
entry 0x40080638
[0;32mI (29) boot: ESP-IDF v5.5.1 2nd stage bootloader[0m
[0;32mI (29) boot: compile time Jan  1 1980 00:00:00[0m
[0;32mI (29) boot: Multicore bootloader[0m
[0;32mI (31) boot: chip revision: v3.1[0m
[0;32mI (33) boot.esp32: SPI Speed      : 40MHz[0m
[0;32mI (37) boot.esp32: SPI Mode       : DIO[0m
[0;32mI (41) boot.esp32: SPI Flash Size : 2MB[0m
[0;32mI (44) boot: Enabling RNG early entropy source...[0m
[0;32mI (49) boot: Partition Table:[0m
[0;32mI (51) boot: ## Label            Usage          Type ST Offset   Length[0m
[0;32mI (58) boot:  0 nvs              WiFi data        01 02 00009000 00006000[0m
[0;32mI (64) boot:  1 phy_init         RF data          01 01 0000f000 00001000[0m
[0;32mI (71) boot:  2 factory          factory app      00 00 00010000 00100000[0m
[0;32mI (77) boot: End of partition table[0m
[0;32mI (80) esp_image: segment 0: paddr=00010020 vaddr=3f400020 size=114a8h ( 70824) map[0m
[0;32mI (112) esp_image: segment 1: paddr=000214d0 vaddr=3ffb0000 size=0276ch ( 10092) load[0m
[0;32mI (116) esp_image: segment 2: paddr=00023c44 vaddr=40080000 size=0c3d4h ( 50132) load[0m
[0;32mI (136) esp_image: segment 3: paddr=00030020 vaddr=400d0020 size=54504h (345348) map[0m
[0;32mI (254) esp_image: segment 4: paddr=0008452c vaddr=4008c3d4 size=04500h ( 17664) load[0m
[0;32mI (261) esp_image: segment 5: paddr=00088a34 vaddr=50000000 size=00020h (    32) load[0m
[0;32mI (270) boot: Loaded app from partition at offset 0x10000[0m
[0;32mI (270) boot: Disabling RNG early entropy source...[0m
[0;32mI (282) cpu_start: Multicore app[0m
[0;32mI (291) cpu_start: Pro cpu start user code[0m
[0;32mI (291) cpu_start: cpu freq: 160000000 Hz[0m
[0;32mI (291) app_init: Application information:[0m
[0;32mI (291) app_init: Project name:     Slave[0m
[0;32mI (295) app_init: App version:      eb013d3-dirty[0m
[0;32mI (299) app_init: Compile time:     Jan  1 1980 00:00:00[0m
[0;32mI (304) app_init: ELF file SHA256:  4452839e7...[0m
[0;32mI (308) app_init: ESP-IDF:          v5.5.1[0m
[0;32mI (312) efuse_init: Min chip rev:     v0.0[0m
[0;32mI (316) efuse_init: Max chip rev:     v3.99 [0m
[0;32mI (320) efuse_init: Chip rev:         v3.1[0m
[0;32mI (324) heap_init: Initializing. RAM available for dynamic allocation:[0m
[0;32mI (330) heap_init: At 3FFAE6E0 len 00001920 (6 KiB): DRAM[0m
[0;32mI (335) heap_init: At 3FFC3440 len 0001CBC0 (114 KiB): DRAM[0m
[0;32mI (340) heap_init: At 3FFE0440 len 00003AE0 (14 KiB): D/IRAM[0m
[0;32mI (346) heap_init: At 3FFE4350 len 0001BCB0 (111 KiB): D/IRAM[0m
[0;32mI (351) heap_init: At 400908D4 len 0000F72C (61 KiB): IRAM[0m
[0;32mI (358) spi_flash: detected chip: generic[0m
[0;32mI (360) spi_flash: flash io: dio[0m
[0;33mW (363) spi_flash: Detected size(4096k) larger than the size in the binary image header(2048k). Using the size in the binary image header.[0m
[0;32mI (376) main_task: Started on CPU0[0m
[0;32mI (386) main_task: Calling app_main()[0m
[0;32mI (386) SPI Slave: Инициализация SPI Slave...[0m
[0;32mI (386) SPI Slave: Инициализация устройства SPI...[0m
[0;32mI (386) SPI Slave: УСПЕШНА[0m
[0;32mI (396) SPI Slave: Инициализация SPI Slave проша УСПЕШНО[0m
[0;32mI (396) ST7735: Инициализация Дисплея[0m
[1;31mE (406) spi_share_hw_ctrl: SPI2 already claimed by spi slave.[0m
[1;31mE (406) spi: spi_bus_initialize(826): host_id already in use[0m
[1;31mE (416) ST7735: ОШИБКА SPI[0m
[0;32mI (416) ST7735: Инициализация LVGL...[0m
[0;32mI (426) LVGL: Starting LVGL task[0m

assert failed: lvgl_port_add_disp_priv esp_lvgl_port_disp.c:265 (disp_cfg->panel_handle != NULL)


Backtrace: 0x40087139:0x3ffc5490 0x40087101:0x3ffc54b0 0x4008ec29:0x3ffc54d0 0x400d6c93:0x3ffc55f0 0x400d73d7:0x3ffc5630 0x400d6464:0x3ffc5660 0x400d6289:0x3ffc56d0 0x40123af0:0x3ffc56f0 0x40087ded:0x3ffc5720




ELF file SHA256: 4452839e7

Rebooting...
ets Jul 29 2019 12:21:46

rst:0xc (SW_CPU_RESET),boot:0x13 (SPI_FAST_FLASH_BOOT)
configsip: 0, SPIWP:0xee
clk_drv:0x00,q_drv:0x00,d_drv:0x00,cs0_drv:0x00,hd_drv:0x00,wp_drv:0x00
mode:DIO, clock div:2
load:0x3fff0030,len:6380
ho 0 tail 12 room 4
load:0x40078000,len:15916
load:0x40080400,len:3860
entry 0x40080638
[0;32mI (29) boot: ESP-IDF v5.5.1 2nd stage bootloader[0m
[0;32mI (29) boot: compile time Jan  1 1980 00:00:00[0m
[0;32mI (29) boot: Multicore bootloader[0m
[0;32mI (31) boot: chip revision: v3.1[0m
[0;32mI (33) boot.esp32: SPI Speed      : 40MHz[0m
[0;32mI (37) boot.esp32: SPI Mode       : DIO[0m
[0;32mI (41) boot.esp32: SPI Flash Size : 2MB[0m
[0;32mI (44) boot: Enabling RNG early entropy source...[0m
[0;32mI (49) boot: Partition Table:[0m
[0;32mI (51) boot: ## Label            Usage          Type ST Offset   Length[0m
[0;32mI (58) boot:  0 nvs              WiFi data        01 02 00009000 00006000[0m
[0;32mI (64) boot:  1 phy_init         RF data          01 01 0000f000 00001000[0m
[0;32mI (71) boot:  2 factory          factory app      00 00 00010000 00100000[0m
[0;32mI (77) boot: End of partition table[0m
[0;32mI (80) esp_image: segment 0: paddr=00010020 vaddr=3f400020 size=114a8h ( 70824) map[0m
[0;32mI (112) esp_image: segment 1: paddr=000214d0 vaddr=3ffb0000 size=0276ch ( 10092) load[0m
[0;32mI (116) esp_image: segment 2: paddr=00023c44 vaddr=40080000 size=0c3d4h ( 50132) load[0m
[0;32mI (136) esp_image: segment 3: paddr=00030020 vaddr=400d0020 size=54504h (345348) map[0m
[0;32mI (254) esp_image: segment 4: paddr=0008452c vaddr=4008c3d4 size=04500h ( 17664) load[0m
[0;32mI (261) esp_image: segment 5: paddr=00088a34 vaddr=50000000 size=00020h (    32) load[0m
[0;32mI (270) boot: Loaded app from partition at offset 0x10000[0m
[0;32mI (270) boot: Disabling RNG early entropy source...[0m
[0;32mI (282) cpu_start: Multicore app[0m
[0;32mI (291) cpu_start: Pro cpu start user code[0m
[0;32mI (291) cpu_start: cpu freq: 160000000 Hz[0m
[0;32mI (291) app_init: Application information:[0m
[0;32mI (291) app_init: Project name:     Slave[0m
[0;32mI (295) app_init: App version:      eb013d3-dirty[0m
[0;32mI (299) app_init: Compile time:     Jan  1 1980 00:00:00[0m
[0;32mI (304) app_init: ELF file SHA256:  4452839e7...[0m
[0;32mI (308) app_init: ESP-IDF:          v5.5.1[0m
[0;32mI (312) efuse_init: Min chip rev:     v0.0[0m
[0;32mI (316) efuse_init: Max chip rev:     v3.99 [0m
[0;32mI (320) efuse_init: Chip rev:         v3.1[0m
[0;32mI (324) heap_init: Initializing. RAM available for dynamic allocation:[0m
[0;32mI (330) heap_init: At 3FFAE6E0 len 00001920 (6 KiB): DRAM[0m
[0;32mI (335) heap_init: At 3FFC3440 len 0001CBC0 (114 KiB): DRAM[0m
[0;32mI (340) heap_init: At 3FFE0440 len 00003AE0 (14 KiB): D/IRAM[0m
[0;32mI (346) heap_init: At 3FFE4350 len 0001BCB0 (111 KiB): D/IRAM[0m
[0;32mI (351) heap_init: At 400908D4 len 0000F72C (61 KiB): IRAM[0m
[0;32mI (358) spi_flash: detected chip: generic[0m
[0;32mI (360) spi_flash: flash io: dio[0m
[0;33mW (363) spi_flash: Detected size(4096k) larger than the size in the binary image header(2048k). Using the size in the binary image header.[0m
[0;32mI (376) main_task: Started on CPU0[0m
[0;32mI (386) main_task: Calling app_main()[0m
[0;32mI (386) SPI Slave: Инициализация SPI Slave...[0m
[0;32mI (386) SPI Slave: Инициализация устройства SPI...[0m
[0;32mI (386) SPI Slave: УСПЕШНА[0m
[0;32mI (396) SPI Slave: Инициализация SPI Slave проша УСПЕШНО[0m
[0;32mI (396) ST7735: Инициализация Дисплея[0m
[1;31mE (406) spi_share_hw_ctrl: SPI2 already claimed by spi slave.[0m
[1;31mE (406) spi: spi_bus_initialize(826): host_id already in use[0m
[1;31mE (416) ST7735: ОШИБКА SPI[0m
[0;32mI (416) ST7735: Инициализация LVGL...[0m
[0;32mI (426) LVGL: Starting LVGL task[0m

assert failed: lvgl_port_add_disp_priv esp_lvgl_port_disp.c:265 (disp_cfg->panel_handle != NULL)


Backtrace: 0x40087139:0x3ffc5490 0x40087101:0x3ffc54b0 0x4008ec29:0x3ffc54d0 0x400d6c93:0x3ffc55f0 0x400d73d7:0x3ffc5630 0x400d6464:0x3ffc5660 0x400d6289:0x3ffc56d0 0x40123af0:0x3ffc56f0 0x40087ded:0x3ffc5720




ELF file SHA256: 4452839e7

Rebooting...
ets Jul 29 2019 12:21:46

rst:0xc (SW_CPU_RESET),boot:0x13 (SPI_FAST_FLASH_BOOT)
configsip: 0, SPIWP:0xee
clk_drv:0x00,q_drv:0x00,d_drv:0x00,cs0_drv:0x00,hd_drv:0x00,wp_drv:0x00
mode:DIO, clock div:2
load:0x3fff0030,len:6380
ho 0 tail 12 room 4
load:0x40078000,len:15916
load:0x40080400,len:3860
entry 0x40080638
[0;32mI (29) boot: ESP-IDF v5.5.1 2nd stage bootloader[0m
[0;32mI (29) boot: compile time Jan  1 1980 00:00:00[0m
[0;32mI (29) boot: Multicore bootloader[0m
[0;32mI (31) boot: chip revision: v3.1[0m
[0;32mI (33) boot.esp32: SPI Speed      : 40MHz[0m
[0;32mI (37) boot.esp32: SPI Mode       : DIO[0m
[0;32mI (41) boot.esp32: SPI Flash Size : 2MB[0m
[0;32mI (44) boot: Enabling RNG early entropy source...[0m
[0;32mI (49) boot: Partition Table:[0m
[0;32mI (51) boot: ## Label            Usage          Type ST Offset   Length[0m
[0;32mI (58) boot:  0 nvs              WiFi data        01 02 00009000 00006000[0m
[0;32mI (64) boot:  1 phy_init         RF data          01 01 0000f000 00001000[0m
[0;32mI (71) boot:  2 factory          factory app      00 00 00010000 00100000[0m
[0;32mI (77) boot: End of partition table[0m
[0;32mI (80) esp_image: segment 0: paddr=00010020 vaddr=3f400020 size=114a8h ( 70824) map[0m
[0;32mI (112) esp_image: segment 1: paddr=000214d0 vaddr=3ffb0000 size=0276ch ( 10092) load[0m
[0;32mI (116) esp_image: segment 2: paddr=00023c44 vaddr=40080000 size=0c3d4h ( 50132) load[0m
[0;32mI (136) esp_image: segment 3: paddr=00030020 vaddr=400d0020 size=54504h (345348) map[0m
[0;32mI (254) esp_image: segment 4: paddr=0008452c vaddr=4008c3d4 size=04500h ( 17664) load[0m
[0;32mI (261) esp_image: segment 5: paddr=00088a34 vaddr=50000000 size=00020h (    32) load[0m
[0;32mI (270) boot: Loaded app from partition at offset 0x10000[0m
[0;32mI (270) boot: Disabling RNG early entropy source...[0m
[0;32mI (282) cpu_start: Multicore app[0m
[0;32mI (291) cpu_start: Pro cpu start user code[0m
[0;32mI (291) cpu_start: cpu freq: 160000000 Hz[0m
[0;32mI (291) app_init: Application information:[0m
[0;32mI (291) app_init: Project name:     Slave[0m
[0;32mI (295) app_init: App version:      eb013d3-dirty[0m
[0;32mI (299) app_init: Compile time:     Jan  1 1980 00:00:00[0m
[0;32mI (304) app_init: ELF file SHA256:  4452839e7...[0m
[0;32mI (308) app_init: ESP-IDF:          v5.5.1[0m
[0;32mI (312) efuse_init: Min chip rev:     v0.0[0m
[0;32mI (316) efuse_init: Max chip rev:     v3.99 [0m
[0;32mI (320) efuse_init: Chip rev:         v3.1[0m
[0;32mI (324) heap_init: Initializing. RAM available for dynamic allocation:[0m
[0;32mI (330) heap_init: At 3FFAE6E0 len 00001920 (6 KiB): DRAM[0m
[0;32mI (335) heap_init: At 3FFC3440 len 0001CBC0 (114 KiB): DRAM[0m
[0;32mI (340) heap_init: At 3FFE0440 len 00003AE0 (14 KiB): D/IRAM[0m
[0;32mI (346) heap_init: At 3FFE4350 len 0001BCB0 (111 KiB): D/IRAM[0m
[0;32mI (351) heap_init: At 400908D4 len 0000F72C (61 KiB): IRAM[0m
[0;32mI (358) spi_flash: detected chip: generic[0m
[0;32mI (360) spi_flash: flash io: dio[0m
[0;33mW (363) spi_flash: Detected size(4096k) larger than the size in the binary image header(2048k). Using the size in the binary image header.[0m
[0;32mI (376) main_task: Started on CPU0[0m
[0;32mI (386) main_task: Calling app_main()[0m
[0;32mI (386) SPI Slave: Инициализация SPI Slave...[0m
[0;32mI (386) SPI Slave: Инициализация устройства SPI...[0m
[0;32mI (386) SPI Slave: УСПЕШНА[0m
[0;32mI (396) SPI Slave: Инициализация SPI Slave проша УСПЕШНО[0m
[0;32mI (396) ST7735: Инициализация Дисплея[0m
[1;31mE (406) spi_share_hw_ctrl: SPI2 already claimed by spi slave.[0m
[1;31mE (406) spi: spi_bus_initialize(826): host_id already in use[0m
[1;31mE (416) ST7735: ОШИБКА SPI[0m
[0;32mI (416) ST7735: Инициализация LVGL...[0m
[0;32mI (426) LVGL: Starting LVGL task[0m

assert failed: lvgl_port_add_disp_priv esp_lvgl_port_disp.c:265 (disp_cfg->panel_handle != NULL)


Backtrace: 0x40087139:0x3ffc5490 0x40087101:0x3ffc54b0 0x4008ec29:0x3ffc54d0 0x400d6c93:0x3ffc55f0 0x400d73d7:0x3ffc5630 0x400d6464:0x3ffc5660 0x400d6289:0x3ffc56d0 0x40123af0:0x3ffc56f0 0x40087ded:0x3ffc5720




ELF file SHA256: 4452839e7

Rebooting...
ets Jul 29 2019 12:21:46

rst:0xc (SW_CPU_RESET),boot:0x13 (SPI_FAST_FLASH_BOOT)
configsip: 0, SPIWP:0xee
clk_drv:0x00,q_drv:0x00,d_drv:0x00,cs0_drv:0x00,hd_drv:0x00,wp_drv:0x00
mode:DIO, clock div:2
load:0x3fff0030,len:6380
ho 0 tail 12 room 4
load:0x40078000,len:15916
load:0x40080400,len:3860
entry 0x40080638
[0;32mI (29) boot: ESP-IDF v5.5.1 2nd stage bootloader[0m
[0;32mI (29) boot: compile time Jan  1 1980 00:00:00[0m
[0;32mI (29) boot: Multicore bootloader[0m
[0;32mI (31) boot: chip revision: v3.1[0m
[0;32mI (33) boot.esp32: SPI Speed      : 40MHz[0m
[0;32mI (37) boot.esp32: SPI Mode       : DIO[0m
[0;32mI (41) boot.esp32: SPI Flash Size : 2MB[0m
[0;32mI (44) boot: Enabling RNG early entropy source...[0m
[0;32mI (49) boot: Partition Table:[0m
[0;32mI (51) boot: ## Label            Usage          Type ST Offset   Length[0m
[0;32mI (58) boot:  0 nvs              WiFi data        01 02 00009000 00006000[0m
[0;32mI (64) boot:  1 phy_init         RF data          01 01 0000f000 00001000[0m
[0;32mI (71) boot:  2 factory          factory app      00 00 00010000 00100000[0m
[0;32mI (77) boot: End of partition table[0m
[0;32mI (80) esp_image: segment 0: paddr=00010020 vaddr=3f400020 size=114a8h ( 70824) map[0m
[0;32mI (112) esp_image: segment 1: paddr=000214d0 vaddr=3ffb0000 size=0276ch ( 10092) load[0m
[0;32mI (116) esp_image: segment 2: paddr=00023c44 vaddr=40080000 size=0c3d4h ( 50132) load[0m
[0;32mI (136) esp_image: segment 3: paddr=00030020 vaddr=400d0020 size=54504h (345348) map[0m
[0;32mI (254) esp_image: segment 4: paddr=0008452c vaddr=4008c3d4 size=04500h ( 17664) load[0m
[0;32mI (261) esp_image: segment 5: paddr=00088a34 vaddr=50000000 size=00020h (    32) load[0m
[0;32mI (270) boot: Loaded app from partition at offset 0x10000[0m
[0;32mI (270) boot: Disabling RNG early entropy source...[0m
[0;32mI (282) cpu_start: Multicore app[0m
[0;32mI (291) cpu_start: Pro cpu start user code[0m
[0;32mI (291) cpu_start: cpu freq: 160000000 Hz[0m
[0;32mI (291) app_init: Application information:[0m
[0;32mI (291) app_init: Project name:     Slave[0m
[0;32mI (295) app_init: App version:      eb013d3-dirty[0m
[0;32mI (299) app_init: Compile time:     Jan  1 1980 00:00:00[0m
[0;32mI (304) app_init: ELF file SHA256:  4452839e7...[0m
[0;32mI (308) app_init: ESP-IDF:          v5.5.1[0m
[0;32mI (312) efuse_init: Min chip rev:     v0.0[0m
[0;32mI (316) efuse_init: Max chip rev:     v3.99 [0m
[0;32mI (320) efuse_init: Chip rev:         v3.1[0m
[0;32mI (324) heap_init: Initializing. RAM available for dynamic allocation:[0m
[0;32mI (330) heap_init: At 3FFAE6E0 len 00001920 (6 KiB): DRAM[0m
[0;32mI (335) heap_init: At 3FFC3440 len 0001CBC0 (114 KiB): DRAM[0m
[0;32mI (340) heap_init: At 3FFE0440 len 00003AE0 (14 KiB): D/IRAM[0m
[0;32mI (346) heap_init: At 3FFE4350 len 0001BCB0 (111 KiB): D/IRAM[0m
[0;32mI (351) heap_init: At 400908D4 len 0000F72C (61 KiB): IRAM[0m
[0;32mI (358) spi_flash: detected chip: generic[0m
[0;32mI (360) spi_flash: flash io: dio[0m
[0;33mW (363) spi_flash: Detected size(4096k) larger than the size in the binary image header(2048k). Using the size in the binary image header.[0m
[0;32mI (376) main_task: Started on CPU0[0m
[0;32mI (386) main_task: Calling app_main()[0m
[0;32mI (386) SPI Slave: Инициализация SPI Slave...[0m
[0;32mI (386) SPI Slave: Инициализация устройства SPI...[0m
[0;32mI (386) SPI Slave: УСПЕШНА[0m
[0;32mI (396) SPI Slave: Инициализация SPI Slave проша УСПЕШНО[0m
[0;32mI (396) ST7735: Инициализация Дисплея[0m
[1;31mE (406) spi_share_hw_ctrl: SPI2 already claimed by spi slave.[0m
[1;31mE (406) spi: spi_bus_initialize(826): host_id already in use[0m
[1;31mE (416) ST7735: ОШИБКА SPI[0m
[0;32mI (416) ST7735: Инициализация LVGL...[0m
[0;32mI (426) LVGL: Starting LVGL task[0m

assert failed: lvgl_port_add_disp_priv esp_lvgl_port_disp.c:265 (disp_cfg->panel_handle != NULL)


Backtrace: 0x40087139:0x3ffc5490 0x40087101:0x3ffc54b0 0x4008ec29:0x3ffc54d0 0x400d6c93:0x3ffc55f0 0x400d73d7:0x3ffc5630 0x400d6464:0x3ffc5660 0x400d6289:0x3ffc56d0 0x40123af0:0x3ffc56f0 0x40087ded:0x3ffc5720




ELF file SHA256: 4452839e7

Rebooting...
ets Jul 29 2019 12:21:46

rst:0xc (SW_CPU_RESET),boot:0x13 (SPI_FAST_FLASH_BOOT)
configsip: 0, SPIWP:0xee
clk_drv:0x00,q_drv:0x00,d_drv:0x00,cs0_drv:0x00,hd_drv:0x00,wp_drv:0x00
mode:DIO, clock div:2
load:0x3fff0030,len:6380
ho 0 tail 12 room 4
load:0x40078000,len:15916
load:0x40080400,len:3860
entry 0x40080638
[0;32mI (29) boot: ESP-IDF v5.5.1 2nd stage bootloader[0m
[0;32mI (29) boot: compile time Jan  1 1980 00:00:00[0m
[0;32mI (29) boot: Multicore bootloader[0m
[0;32mI (31) boot: chip revision: v3.1[0m
[0;32mI (33) boot.esp32: SPI Speed      : 40MHz[0m
[0;32mI (37) boot.esp32: SPI Mode       : DIO[0m
[0;32mI (41) boot.esp32: SPI Flash Size : 2MB[0m
[0;32mI (44) boot: Enabling RNG early entropy source...[0m
[0;32mI (49) boot: Partition Table:[0m
[0;32mI (51) boot: ## Label            Usage          Type ST Offset   Length[0m
[0;32mI (58) boot:  0 nvs              WiFi data        01 02 00009000 00006000[0m
[0;32mI (64) boot:  1 phy_init         RF data          01 01 0000f000 00001000[0m
[0;32mI (71) boot:  2 factory          factory app      00 00 00010000 00100000[0m
[0;32mI (77) boot: End of partition table[0m
[0;32mI (80) esp_image: segment 0: paddr=00010020 vaddr=3f400020 size=114a8h ( 70824) map[0m
[0;32mI (112) esp_image: segment 1: paddr=000214d0 vaddr=3ffb0000 size=0276ch ( 10092) load[0m
[0;32mI (116) esp_image: segment 2: paddr=00023c44 vaddr=40080000 size=0c3d4h ( 50132) load[0m
[0;32mI (136) esp_image: segment 3: paddr=00030020 vaddr=400d0020 size=54504h (345348) map[0m
[0;32mI (254) esp_image: segment 4: paddr=0008452c vaddr=4008c3d4 size=04500h ( 17664) load[0m
[0;32mI (261) esp_image: segment 5: paddr=00088a34 vaddr=50000000 size=00020h (    32) load[0m
[0;32mI (270) boot: Loaded app from partition at offset 0x10000[0m
[0;32mI (270) boot: Disabling RNG early entropy source...[0m
[0;32mI (282) cpu_start: Multicore app[0m
[0;32mI (291) cpu_start: Pro cpu start user code[0m
[0;32mI (291) cpu_start: cpu freq: 160000000 Hz[0m
[0;32mI (291) app_init: Application information:[0m
[0;32mI (291) app_init: Project name:     Slave[0m
[0;32mI (295) app_init: App version:      eb013d3-dirty[0m
[0;32mI (299) app_init: Compile time:     Jan  1 1980 00:00:00[0m
[0;32mI (304) app_init: ELF file SHA256:  4452839e7...[0m
[0;32mI (308) app_init: ESP-IDF:          v5.5.1[0m
[0;32mI (312) efuse_init: Min chip rev:     v0.0[0m
[0;32mI (316) efuse_init: Max chip rev:     v3.99 [0m
[0;32mI (320) efuse_init: Chip rev:         v3.1[0m
[0;32mI (324) heap_init: Initializing. RAM available for dynamic allocation:[0m
[0;32mI (330) heap_init: At 3FFAE6E0 len 00001920 (6 KiB): DRAM[0m
[0;32mI (335) heap_init: At 3FFC3440 len 0001CBC0 (114 KiB): DRAM[0m
[0;32mI (340) heap_init: At 3FFE0440 len 00003AE0 (14 KiB): D/IRAM[0m
[0;32mI (346) heap_init: At 3FFE4350 len 0001BCB0 (111 KiB): D/IRAM[0m
[0;32mI (351) heap_init: At 400908D4 len 0000F72C (61 KiB): IRAM[0m
[0;32mI (358) spi_flash: detected chip: generic[0m
[0;32mI (360) spi_flash: flash io: dio[0m
[0;33mW (363) spi_flash: Detected size(4096k) larger than the size in the binary image header(2048k). Using the size in the binary image header.[0m
[0;32mI (376) main_task: Started on CPU0[0m
[0;32mI (386) main_task: Calling app_main()[0m
[0;32mI (386) SPI Slave: Инициализация SPI Slave...[0m
[0;32mI (386) SPI Slave: Инициализация устройства SPI...[0m
[0;32mI (386) SPI Slave: УСПЕШНА[0m
[0;32mI (396) SPI Slave: Инициализация SPI Slave проша УСПЕШНО[0m
[0;32mI (396) ST7735: Инициализация Дисплея[0m
[1;31mE (406) spi_share_hw_ctrl: SPI2 already claimed by spi slave.[0m
[1;31mE (406) spi: spi_bus_initialize(826): host_id already in use[0m
[1;31mE (416) ST7735: ОШИБКА SPI[0m
[0;32mI (416) ST7735: Инициализация LVGL...[0m
[0;32mI (426) LVGL: Starting LVGL task[0m

assert failed: lvgl_port_add_disp_priv esp_lvgl_port_disp.c:265 (disp_cfg->panel_handle != NULL)


Backtrace: 0x40087139:0x3ffc5490 0x40087101:0x3ffc54b0 0x4008ec29:0x3ffc54d0 0x400d6c93:0x3ffc55f0 0x400d73d7:0x3ffc5630 0x400d6464:0x3ffc5660 0x400d6289:0x3ffc56d0 0x40123af0:0x3ffc56f0 0x40087ded:0x3ffc5720




ELF file SHA256: 4452839e7

Rebooting...
ets Jul 29 2019 12:21:46

rst:0xc (SW_CPU_RESET),boot:0x13 (SPI_FAST_FLASH_BOOT)
configsip: 0, SPIWP:0xee
clk_drv:0x00,q_drv:0x00,d_drv:0x00,cs0_drv:0x00,hd_drv:0x00,wp_drv:0x00
mode:DIO, clock div:2
load:0x3fff0030,len:6380
ho 0 tail 12 room 4
load:0x40078000,len:15916
load:0x40080400,len:3860
entry 0x40080638
[0;32mI (29) boot: ESP-IDF v5.5.1 2nd stage bootloader[0m
[0;32mI (29) boot: compile time Jan  1 1980 00:00:00[0m
[0;32mI (29) boot: Multicore bootloader[0m
[0;32mI (31) boot: chip revision: v3.1[0m
[0;32mI (33) boot.esp32: SPI Speed      : 40MHz[0m
[0;32mI (37) boot.esp32: SPI Mode       : DIO[0m
[0;32mI (41) boot.esp32: SPI Flash Size : 2MB[0m
[0;32mI (44) boot: Enabling RNG early entropy source...[0m
[0;32mI (49) boot: Partition Table:[0m
[0;32mI (51) boot: ## Label            Usage          Type ST Offset   Length[0m
[0;32mI (58) boot:  0 nvs              WiFi data        01 02 00009000 00006000[0m
[0;32mI (64) boot:  1 phy_init         RF data          01 01 0000f000 00001000[0m
[0;32mI (71) boot:  2 factory          factory app      00 00 00010000 00100000[0m
[0;32mI (77) boot: End of partition table[0m
[0;32mI (80) esp_image: segment 0: paddr=00010020 vaddr=3f400020 size=114a8h ( 70824) map[0m
[0;32mI (112) esp_image: segment 1: paddr=000214d0 vaddr=3ffb0000 size=0276ch ( 10092) load[0m
[0;32mI (116) esp_image: segment 2: paddr=00023c44 vaddr=40080000 size=0c3d4h ( 50132) load[0m
[0;32mI (136) esp_image: segment 3: paddr=00030020 vaddr=400d0020 size=54504h (345348) map[0m
[0;32mI (254) esp_image: segment 4: paddr=0008452c vaddr=4008c3d4 size=04500h ( 17664) load[0m
[0;32mI (261) esp_image: segment 5: paddr=00088a34 vaddr=50000000 size=00020h (    32) load[0m
[0;32mI (270) boot: Loaded app from partition at offset 0x10000[0m
[0;32mI (270) boot: Disabling RNG early entropy source...[0m
[0;32mI (282) cpu_start: Multicore app[0m
[0;32mI (291) cpu_start: Pro cpu start user code[0m
[0;32mI (291) cpu_start: cpu freq: 160000000 Hz[0m
[0;32mI (291) app_init: Application information:[0m
[0;32mI (291) app_init: Project name:     Slave[0m
[0;32mI (295) app_init: App version:      eb013d3-dirty[0m
[0;32mI (299) app_init: Compile time:     Jan  1 1980 00:00:00[0m
[0;32mI (304) app_init: ELF file SHA256:  4452839e7...[0m
[0;32mI (308) app_init: ESP-IDF:          v5.5.1[0m
[0;32mI (312) efuse_init: Min chip rev:     v0.0[0m
[0;32mI (316) efuse_init: Max chip rev:     v3.99 [0m
[0;32mI (320) efuse_init: Chip rev:         v3.1[0m
[0;32mI (324) heap_init: Initializing. RAM available for dynamic allocation:[0m
[0;32mI (330) heap_init: At 3FFAE6E0 len 00001920 (6 KiB): DRAM[0m
[0;32mI (335) heap_init: At 3FFC3440 len 0001CBC0 (114 KiB): DRAM[0m
[0;32mI (340) heap_init: At 3FFE0440 len 00003AE0 (14 KiB): D/IRAM[0m
[0;32mI (346) heap_init: At 3FFE4350 len 0001BCB0 (111 KiB): D/IRAM[0m
[0;32mI (351) heap_init: At 400908D4 len 0000F72C (61 KiB): IRAM[0m
[0;32mI (358) spi_flash: detected chip: generic[0m
[0;32mI (360) spi_flash: flash io: dio[0m
[0;33mW (363) spi_flash: Detected size(4096k) larger than the size in the binary image header(2048k). Using the size in the binary image header.[0m
[0;32mI (376) main_task: Started on CPU0[0m
[0;32mI (386) main_task: Calling app_main()[0m
[0;32mI (386) SPI Slave: Инициализация SPI Slave...[0m
[0;32mI (386) SPI Slave: Инициализация устройства SPI...[0m
[0;32mI (386) SPI Slave: УСПЕШНА[0m
[0;32mI (396) SPI Slave: Инициализация SPI Slave проша УСПЕШНО[0m
[0;32mI (396) ST7735: Инициализация Дисплея[0m
[1;31mE (406) spi_share_hw_ctrl: SPI2 already claimed by spi slave.[0m
[1;31mE (406) spi: spi_bus_initialize(826): host_id already in use[0m
[1;31mE (416) ST7735: ОШИБКА SPI[0m
[0;32mI (416) ST7735: Инициализация LVGL...[0m
[0;32mI (426) LVGL: Starting LVGL task[0m

assert failed: lvgl_port_add_disp_priv esp_lvgl_port_disp.c:265 (disp_cfg->panel_handle != NULL)


Backtrace: 0x40087139:0x3ffc5490 0x40087101:0x3ffc54b0 0x4008ec29:0x3ffc54d0 0x400d6c93:0x3ffc55f0 0x400d73d7:0x3ffc5630 0x400d6464:0x3ffc5660 0x400d6289:0x3ffc56d0 0x40123af0:0x3ffc56f0 0x40087ded:0x3ffc5720




ELF file SHA256: 4452839e7

Rebooting...
ets Jul 29 2019 12:21:46

rst:0xc (SW_CPU_RESET),boot:0x13 (SPI_FAST_FLASH_BOOT)
configsip: 0, SPIWP:0xee
clk_drv:0x00,q_drv:0x00,d_drv:0x00,cs0_drv:0x00,hd_drv:0x00,wp_drv:0x00
mode:DIO, clock div:2
load:0x3fff0030,len:6380
ho 0 tail 12 room 4
load:0x40078000,len:15916
load:0x40080400,len:3860
entry 0x40080638
[0;32mI (29) boot: ESP-IDF v5.5.1 2nd stage bootloader[0m
[0;32mI (29) boot: compile time Jan  1 1980 00:00:00[0m
[0;32mI (29) boot: Multicore bootloader[0m
[0;32mI (31) boot: chip revision: v3.1[0m
[0;32mI (33) boot.esp32: SPI Speed      : 40MHz[0m
[0;32mI (37) boot.esp32: SPI Mode       : DIO[0m
[0;32mI (41) boot.esp32: SPI Flash Size : 2MB[0m
[0;32mI (44) boot: Enabling RNG early entropy source...[0m
[0;32mI (49) boot: Partition Table:[0m
[0;32mI (51) boot: ## Label            Usage          Type ST Offset   Length[0m
[0;32mI (58) boot:  0 nvs              WiFi data        01 02 00009000 00006000[0m
[0;32mI (64) boot:  1 phy_init         RF data          01 01 0000f000 00001000[0m
[0;32mI (71) boot:  2 factory          factory app      00 00 00010000 00100000[0m
[0;32mI (77) boot: End of partition table[0m
[0;32mI (80) esp_image: segment 0: paddr=00010020 vaddr=3f400020 size=114a8h ( 70824) map[0m
[0;32mI (112) esp_image: segment 1: paddr=000214d0 vaddr=3ffb0000 size=0276ch ( 10092) load[0m
[0;32mI (116) esp_image: segment 2: paddr=00023c44 vaddr=40080000 size=0c3d4h ( 50132) load[0m
[0;32mI (136) esp_image: segment 3: paddr=00030020 vaddr=400d0020 size=54504h (345348) map[0m
[0;32mI (254) esp_image: segment 4: paddr=0008452c vaddr=4008c3d4 size=04500h ( 17664) load[0m
[0;32mI (261) esp_image: segment 5: paddr=00088a34 vaddr=50000000 size=00020h (    32) load[0m
[0;32mI (270) boot: Loaded app from partition at offset 0x10000[0m
[0;32mI (270) boot: Disabling RNG early entropy source...[0m
[0;32mI (282) cpu_start: Multicore app[0m
[0;32mI (291) cpu_start: Pro cpu start user code[0m
[0;32mI (291) cpu_start: cpu freq: 160000000 Hz[0m
[0;32mI (291) app_init: Application information:[0m
[0;32mI (291) app_init: Project name:     Slave[0m
[0;32mI (295) app_init: App version:      eb013d3-dirty[0m
[0;32mI (299) app_init: Compile time:     Jan  1 1980 00:00:00[0m
[0;32mI (304) app_init: ELF file SHA256:  4452839e7...[0m
[0;32mI (308) app_init: ESP-IDF:          v5.5.1[0m
[0;32mI (312) efuse_init: Min chip rev:     v0.0[0m
[0;32mI (316) efuse_init: Max chip rev:     v3.99 [0m
[0;32mI (320) efuse_init: Chip rev:         v3.1[0m
[0;32mI (324) heap_init: Initializing. RAM available for dynamic allocation:[0m
[0;32mI (330) heap_init: At 3FFAE6E0 len 00001920 (6 KiB): DRAM[0m
[0;32mI (335) heap_init: At 3FFC3440 len 0001CBC0 (114 KiB): DRAM[0m
[0;32mI (340) heap_init: At 3FFE0440 len 00003AE0 (14 KiB): D/IRAM[0m
[0;32mI (346) heap_init: At 3FFE4350 len 0001BCB0 (111 KiB): D/IRAM[0m
[0;32mI (351) heap_init: At 400908D4 len 0000F72C (61 KiB): IRAM[0m
[0;32mI (358) spi_flash: detected chip: generic[0m
[0;32mI (360) spi_flash: flash io: dio[0m
[0;33mW (363) spi_flash: Detected size(4096k) larger than the size in the binary image header(2048k). Using the size in the binary image header.[0m
[0;32mI (376) main_task: Started on CPU0[0m
[0;32mI (386) main_task: Calling app_main()[0m
[0;32mI (386) SPI Slave: Инициализация SPI Slave...[0m
[0;32mI (386) SPI Slave: Инициализация устройства SPI...[0m
[0;32mI (386) SPI Slave: УСПЕШНА[0m
[0;32mI (396) SPI Slave: Инициализация SPI Slave проша УСПЕШНО[0m
[0;32mI (396) ST7735: Инициализация Дисплея[0m
[1;31mE (406) spi_share_hw_ctrl: SPI2 already claimed by spi slave.[0m
[1;31mE (406) spi: spi_bus_initialize(826): host_id already in use[0m
[1;31mE (416) ST7735: ОШИБКА SPI[0m
[0;32mI (416) ST7735: Инициализация LVGL...[0m
[0;32mI (426) LVGL: Starting LVGL task[0m

assert failed: lvgl_port_add_disp_priv esp_lvgl_port_disp.c:265 (disp_cfg->panel_handle != NULL)


Backtrace: 0x40087139:0x3ffc5490 0x40087101:0x3ffc54b0 0x4008ec29:0x3ffc54d0 0x400d6c93:0x3ffc55f0 0x400d73d7:0x3ffc5630 0x400d6464:0x3ffc5660 0x400d6289:0x3ffc56d0 0x40123af0:0x3ffc56f0 0x40087ded:0x3ffc5720




ELF file SHA256: 4452839e7

Rebooting...
ets Jul 29 2019 12:21:46

rst:0xc (SW_CPU_RESET),boot:0x13 (SPI_FAST_FLASH_BOOT)
configsip: 0, SPIWP:0xee
clk_drv:0x00,q_drv:0x00,d_drv:0x00,cs0_drv:0x00,hd_drv:0x00,wp_drv:0x00
mode:DIO, clock div:2
load:0x3fff0030,len:6380
ho 0 tail 12 room 4
load:0x40078000,len:15916
load:0x40080400,len:3860
entry 0x40080638
[0;32mI (29) boot: ESP-IDF v5.5.1 2nd stage bootloader[0m
[0;32mI (29) boot: compile time Jan  1 1980 00:00:00[0m
[0;32mI (29) boot: Multicore bootloader[0m
[0;32mI (31) boot: chip revision: v3.1[0m
[0;32mI (33) boot.esp32: SPI Speed      : 40MHz[0m
[0;32mI (37) boot.esp32: SPI Mode       : DIO[0m
[0;32mI (41) boot.esp32: SPI Flash Size : 2MB[0m
[0;32mI (44) boot: Enabling RNG early entropy source...[0m
[0;32mI (49) boot: Partition Table:[0m
[0;32mI (51) boot: ## Label            Usage          Type ST Offset   Length[0m
[0;32mI (58) boot:  0 nvs              WiFi data        01 02 00009000 00006000[0m
[0;32mI (64) boot:  1 phy_init         RF data          01 01 0000f000 00001000[0m
[0;32mI (71) boot:  2 factory          factory app      00 00 00010000 00100000[0m
[0;32mI (77) boot: End of partition table[0m
[0;32mI (80) esp_image: segment 0: paddr=00010020 vaddr=3f400020 size=114a8h ( 70824) map[0m
[0;32mI (112) esp_image: segment 1: paddr=000214d0 vaddr=3ffb0000 size=0276ch ( 10092) load[0m
[0;32mI (116) esp_image: segment 2: paddr=00023c44 vaddr=40080000 size=0c3d4h ( 50132) load[0m
[0;32mI (136) esp_image: segment 3: paddr=00030020 vaddr=400d0020 size=54504h (345348) map[0m
[0;32mI (254) esp_image: segment 4: paddr=0008452c vaddr=4008c3d4 size=04500h ( 17664) load[0m
[0;32mI (261) esp_image: segment 5: paddr=00088a34 vaddr=50000000 size=00020h (    32) load[0m
[0;32mI (270) boot: Loaded app from partition at offset 0x10000[0m
[0;32mI (270) boot: Disabling RNG early entropy source...[0m
[0;32mI (282) cpu_start: Multicore app[0m
[0;32mI (291) cpu_start: Pro cpu start user code[0m
[0;32mI (291) cpu_start: cpu freq: 160000000 Hz[0m
[0;32mI (291) app_init: Application information:[0m
[0;32mI (291) app_init: Project name:     Slave[0m
[0;32mI (295) app_init: App version:      eb013d3-dirty[0m
[0;32mI (299) app_init: Compile time:     Jan  1 1980 00:00:00[0m
[0;32mI (304) app_init: ELF file SHA256:  4452839e7...[0m
[0;32mI (308) app_init: ESP-IDF:          v5.5.1[0m
[0;32mI (312) efuse_init: Min chip rev:     v0.0[0m
[0;32mI (316) efuse_init: Max chip rev:     v3.99 [0m
[0;32mI (320) efuse_init: Chip rev:         v3.1[0m
[0;32mI (324) heap_init: Initializing. RAM available for dynamic allocation:[0m
[0;32mI (330) heap_init: At 3FFAE6E0 len 00001920 (6 KiB): DRAM[0m
[0;32mI (335) heap_init: At 3FFC3440 len 0001CBC0 (114 KiB): DRAM[0m
[0;32mI (340) heap_init: At 3FFE0440 len 00003AE0 (14 KiB): D/IRAM[0m
[0;32mI (346) heap_init: At 3FFE4350 len 0001BCB0 (111 KiB): D/IRAM[0m
[0;32mI (351) heap_init: At 400908D4 len 0000F72C (61 KiB): IRAM[0m
[0;32mI (358) spi_flash: detected chip: generic[0m
[0;32mI (360) spi_flash: flash io: dio[0m
[0;33mW (363) spi_flash: Detected size(4096k) larger than the size in the binary image header(2048k). Using the size in the binary image header.[0m
[0;32mI (376) main_task: Started on CPU0[0m
[0;32mI (386) main_task: Calling app_main()[0m
[0;32mI (386) SPI Slave: Инициализация SPI Slave...[0m
[0;32mI (386) SPI Slave: Инициализация устройства SPI...[0m
[0;32mI (386) SPI Slave: УСПЕШНА[0m
[0;32mI (396) SPI Slave: Инициализация SPI Slave проша УСПЕШНО[0m
[0;32mI (396) ST7735: Инициализация Дисплея[0m
[1;31mE (406) spi_share_hw_ctrl: SPI2 already claimed by spi slave.[0m
[1;31mE (406) spi: spi_bus_initialize(826): host_id already in use[0m
[1;31mE (416) ST7735: ОШИБКА SPI[0m
[0;32mI (416) ST7735: Инициализация LVGL...[0m
[0;32mI (426) LVGL: Starting LVGL task[0m

assert failed: lvgl_port_add_disp_priv esp_lvgl_port_disp.c:265 (disp_cfg->panel_handle != NULL)


Backtrace: 0x40087139:0x3ffc5490 0x40087101:0x3ffc54b0 0x4008ec29:0x3ffc54d0 0x400d6c93:0x3ffc55f0 0x400d73d7:0x3ffc5630 0x400d6464:0x3ffc5660 0x400d6289:0x3ffc56d0 0x40123af0:0x3ffc56f0 0x40087ded:0x3ffc5720




ELF file SHA256: 4452839e7

Rebooting...
ets Jul 29 2019 12:21:46

rst:0xc (SW_CPU_RESET),boot:0x13 (SPI_FAST_FLASH_BOOT)
configsip: 0, SPIWP:0xee
clk_drv:0x00,q_drv:0x00,d_drv:0x00,cs0_drv:0x00,hd_drv:0x00,wp_drv:0x00
mode:DIO, clock div:2
load:0x3fff0030,len:6380
ho 0 tail 12 room 4
load:0x40078000,len:15916
load:0x40080400,len:3860
entry 0x40080638
[0;32mI (29) boot: ESP-IDF v5.5.1 2nd stage bootloader[0m
[0;32mI (29) boot: compile time Jan  1 1980 00:00:00[0m
[0;32mI (29) boot: Multicore bootloader[0m
[0;32mI (31) boot: chip revision: v3.1[0m
[0;32mI (33) boot.esp32: SPI Speed      : 40MHz[0m
[0;32mI (37) boot.esp32: SPI Mode       : DIO[0m
[0;32mI (41) boot.esp32: SPI Flash Size : 2MB[0m
[0;32mI (44) boot: Enabling RNG early entropy source...[0m
[0;32mI (49) boot: Partition Table:[0m
[0;32mI (51) boot: ## Label            Usage          Type ST Offset   Length[0m
[0;32mI (58) boot:  0 nvs              WiFi data        01 02 00009000 00006000[0m
[0;32mI (64) boot:  1 phy_init         RF data          01 01 0000f000 00001000[0m
[0;32mI (71) boot:  2 factory          factory app      00 00 00010000 00100000[0m
[0;32mI (77) boot: End of partition table[0m
[0;32mI (80) esp_image: segment 0: paddr=00010020 vaddr=3f400020 size=114a8h ( 70824) map[0m
[0;32mI (112) esp_image: segment 1: paddr=000214d0 vaddr=3ffb0000 size=0276ch ( 10092) load[0m
[0;32mI (116) esp_image: segment 2: paddr=00023c44 vaddr=40080000 size=0c3d4h ( 50132) load[0m
[0;32mI (136) esp_image: segment 3: paddr=00030020 vaddr=400d0020 size=54504h (345348) map[0m
[0;32mI (254) esp_image: segment 4: paddr=0008452c vaddr=4008c3d4 size=04500h ( 17664) load[0m
[0;32mI (261) esp_image: segment 5: paddr=00088a34 vaddr=50000000 size=00020h (    32) load[0m
[0;32mI (270) boot: Loaded app from partition at offset 0x10000[0m
[0;32mI (270) boot: Disabling RNG early entropy source...[0m
[0;32mI (282) cpu_start: Multicore app[0m
[0;32mI (291) cpu_start: Pro cpu start user code[0m
[0;32mI (291) cpu_start: cpu freq: 160000000 Hz[0m
[0;32mI (291) app_init: Application information:[0m
[0;32mI (291) app_init: Project name:     Slave[0m
[0;32mI (295) app_init: App version:      eb013d3-dirty[0m
[0;32mI (299) app_init: Compile time:     Jan  1 1980 00:00:00[0m
[0;32mI (304) app_init: ELF file SHA256:  4452839e7...[0m
[0;32mI (308) app_init: ESP-IDF:          v5.5.1[0m
[0;32mI (312) efuse_init: Min chip rev:     v0.0[0m
[0;32mI (316) efuse_init: Max chip rev:     v3.99 [0m
[0;32mI (320) efuse_init: Chip rev:         v3.1[0m
[0;32mI (324) heap_init: Initializing. RAM available for dynamic allocation:[0m
[0;32mI (330) heap_init: At 3FFAE6E0 len 00001920 (6 KiB): DRAM[0m
[0;32mI (335) heap_init: At 3FFC3440 len 0001CBC0 (114 KiB): DRAM[0m
[0;32mI (340) heap_init: At 3FFE0440 len 00003AE0 (14 KiB): D/IRAM[0m
[0;32mI (346) heap_init: At 3FFE4350 len 0001BCB0 (111 KiB): D/IRAM[0m
[0;32mI (351) heap_init: At 400908D4 len 0000F72C (61 KiB): IRAM[0m
[0;32mI (358) spi_flash: detected chip: generic[0m
[0;32mI (360) spi_flash: flash io: dio[0m
[0;33mW (363) spi_flash: Detected size(4096k) larger than the size in the binary image header(2048k). Using the size in the binary image header.[0m
[0;32mI (376) main_task: Started on CPU0[0m
[0;32mI (386) main_task: Calling app_main()[0m
[0;32mI (386) SPI Slave: Инициализация SPI Slave...[0m
[0;32mI (386) SPI Slave: Инициализация устройства SPI...[0m
[0;32mI (386) SPI Slave: УСПЕШНА[0m
[0;32mI (396) SPI Slave: Инициализация SPI Slave проша УСПЕШНО[0m
[0;32mI (396) ST7735: Инициализация Дисплея[0m
[1;31mE (406) spi_share_hw_ctrl: SPI2 already claimed by spi slave.[0m
[1;31mE (406) spi: spi_bus_initialize(826): host_id already in use[0m
[1;31mE (416) ST7735: ОШИБКА SPI[0m
[0;32mI (416) ST7735: Инициализация LVGL...[0m
[0;32mI (426) LVGL: Starting LVGL task[0m

assert failed: lvgl_port_add_disp_priv esp_lvgl_port_disp.c:265 (disp_cfg->panel_handle != NULL)


Backtrace: 0x40087139:0x3ffc5490 0x40087101:0x3ffc54b0 0x4008ec29:0x3ffc54d0 0x400d6c93:0x3ffc55f0 0x400d73d7:0x3ffc5630 0x400d6464:0x3ffc5660 0x400d6289:0x3ffc56d0 0x40123af0:0x3ffc56f0 0x40087ded:0x3ffc5720




ELF file SHA256: 4452839e7

Rebooting...
ets Jul 29 2019 12:21:46

rst:0xc (SW_CPU_RESET),boot:0x13 (SPI_FAST_FLASH_BOOT)
configsip: 0, SPIWP:0xee
clk_drv:0x00,q_drv:0x00,d_drv:0x00,cs0_drv:0x00,hd_drv:0x00,wp_drv:0x00
mode:DIO, clock div:2
load:0x3fff0030,len:6380
ho 0 tail 12 room 4
load:0x40078000,len:15916
load:0x40080400,len:3860
entry 0x40080638
[0;32mI (29) boot: ESP-IDF v5.5.1 2nd stage bootloader[0m
[0;32mI (29) boot: compile time Jan  1 1980 00:00:00[0m
[0;32mI (29) boot: Multicore bootloader[0m
[0;32mI (31) boot: chip revision: v3.1[0m
[0;32mI (33) boot.esp32: SPI Speed      : 40MHz[0m
[0;32mI (37) boot.esp32: SPI Mode       : DIO[0m
[0;32mI (41) boot.esp32: SPI Flash Size : 2MB[0m
[0;32mI (44) boot: Enabling RNG early entropy source...[0m
[0;32mI (49) boot: Partition Table:[0m
[0;32mI (51) boot: ## Label            Usage          Type ST Offset   Length[0m
[0;32mI (58) boot:  0 nvs              WiFi data        01 02 00009000 00006000[0m
[0;32mI (64) boot:  1 phy_init         RF data          01 01 0000f000 00001000[0m
[0;32mI (71) boot:  2 factory          factory app      00 00 00010000 00100000[0m
[0;32mI (77) boot: End of partition table[0m
[0;32mI (80) esp_image: segment 0: paddr=00010020 vaddr=3f400020 size=114a8h ( 70824) map[0m
[0;32mI (112) esp_image: segment 1: paddr=000214d0 vaddr=3ffb0000 size=0276ch ( 10092) load[0m
[0;32mI (116) esp_image: segment 2: paddr=00023c44 vaddr=40080000 size=0c3d4h ( 50132) load[0m
[0;32mI (136) esp_image: segment 3: paddr=00030020 vaddr=400d0020 size=54504h (345348) map[0m
[0;32mI (254) esp_image: segment 4: paddr=0008452c vaddr=4008c3d4 size=04500h ( 17664) load[0m
[0;32mI (261) esp_image: segment 5: paddr=00088a34 vaddr=50000000 size=00020h (    32) load[0m
[0;32mI (270) boot: Loaded app from partition at offset 0x10000[0m
[0;32mI (270) boot: Disabling RNG early entropy source...[0m
[0;32mI (282) cpu_start: Multicore app[0m
[0;32mI (291) cpu_start: Pro cpu start user code[0m
[0;32mI (291) cpu_start: cpu freq: 160000000 Hz[0m
[0;32mI (291) app_init: Application information:[0m
[0;32mI (291) app_init: Project name:     Slave[0m
[0;32mI (295) app_init: App version:      eb013d3-dirty[0m
[0;32mI (299) app_init: Compile time:     Jan  1 1980 00:00:00[0m
[0;32mI (304) app_init: ELF file SHA256:  4452839e7...[0m
[0;32mI (308) app_init: ESP-IDF:          v5.5.1[0m
[0;32mI (312) efuse_init: Min chip rev:     v0.0[0m
[0;32mI (316) efuse_init: Max chip rev:     v3.99 [0m
[0;32mI (320) efuse_init: Chip rev:         v3.1[0m
[0;32mI (324) heap_init: Initializing. RAM available for dynamic allocation:[0m
[0;32mI (330) heap_init: At 3FFAE6E0 len 00001920 (6 KiB): DRAM[0m
[0;32mI (335) heap_init: At 3FFC3440 len 0001CBC0 (114 KiB): DRAM[0m
[0;32mI (340) heap_init: At 3FFE0440 len 00003AE0 (14 KiB): D/IRAM[0m
[0;32mI (346) heap_init: At 3FFE4350 len 0001BCB0 (111 KiB): D/IRAM[0m
[0;32mI (351) heap_init: At 400908D4 len 0000F72C (61 KiB): IRAM[0m
[0;32mI (358) spi_flash: detected chip: generic[0m
[0;32mI (360) spi_flash: flash io: dio[0m
[0;33mW (363) spi_flash: Detected size(4096k) larger than the size in the binary image header(2048k). Using the size in the binary image header.[0m
[0;32mI (376) main_task: Started on CPU0[0m
[0;32mI (386) main_task: Calling app_main()[0m
[0;32mI (386) SPI Slave: Инициализация SPI Slave...[0m
[0;32mI (386) SPI Slave: Инициализация устройства SPI...[0m
[0;32mI (386) SPI Slave: УСПЕШНА[0m
[0;32mI (396) SPI Slave: Инициализация SPI Slave проша УСПЕШНО[0m
[0;32mI (396) ST7735: Инициализация Дисплея[0m
[1;31mE (406) spi_share_hw_ctrl: SPI2 already claimed by spi slave.[0m
[1;31mE (406) spi: spi_bus_initialize(826): host_id already in use[0m
[1;31mE (416) ST7735: ОШИБКА SPI[0m
[0;32mI (416) ST7735: Инициализация LVGL...[0m
[0;32mI (426) LVGL: Starting LVGL task[0m

assert failed: lvgl_port_add_disp_priv esp_lvgl_port_disp.c:265 (disp_cfg->panel_handle != NULL)


Backtrace: 0x40087139:0x3ffc5490 0x40087101:0x3ffc54b0 0x4008ec29:0x3ffc54d0 0x400d6c93:0x3ffc55f0 0x400d73d7:0x3ffc5630 0x400d6464:0x3ffc5660 0x400d6289:0x3ffc56d0 0x40123af0:0x3ffc56f0 0x40087ded:0x3ffc5720




ELF file SHA256: 4452839e7

Rebooting...
ets Jul 29 2019 12:21:46

rst:0xc (SW_CPU_RESET),boot:0x13 (SPI_FAST_FLASH_BOOT)
configsip: 0, SPIWP:0xee
clk_drv:0x00,q_drv:0x00,d_drv:0x00,cs0_drv:0x00,hd_drv:0x00,wp_drv:0x00
mode:DIO, clock div:2
load:0x3fff0030,len:6380
ho 0 tail 12 room 4
load:0x40078000,len:15916
load:0x40080400,len:3860
entry 0x40080638
[0;32mI (29) boot: ESP-IDF v5.5.1 2nd stage bootloader[0m
[0;32mI (29) boot: compile time Jan  1 1980 00:00:00[0m
[0;32mI (29) boot: Multicore bootloader[0m
[0;32mI (31) boot: chip revision: v3.1[0m
[0;32mI (33) boot.esp32: SPI Speed      : 40MHz[0m
[0;32mI (37) boot.esp32: SPI Mode       : DIO[0m
[0;32mI (41) boot.esp32: SPI Flash Size : 2MB[0m
[0;32mI (44) boot: Enabling RNG early entropy source...[0m
[0;32mI (49) boot: Partition Table:[0m
[0;32mI (51) boot: ## Label            Usage          Type ST Offset   Length[0m
[0;32mI (58) boot:  0 nvs              WiFi data        01 02 00009000 00006000[0m
[0;32mI (64) boot:  1 phy_init         RF data          01 01 0000f000 00001000[0m
[0;32mI (71) boot:  2 factory          factory app      00 00 00010000 00100000[0m
[0;32mI (77) boot: End of partition table[0m
[0;32mI (80) esp_image: segment 0: paddr=00010020 vaddr=3f400020 size=114a8h ( 70824) map[0m
[0;32mI (112) esp_image: segment 1: paddr=000214d0 vaddr=3ffb0000 size=0276ch ( 10092) load[0m
[0;32mI (116) esp_image: segment 2: paddr=00023c44 vaddr=40080000 size=0c3d4h ( 50132) load[0m
[0;32mI (136) esp_image: segment 3: paddr=00030020 vaddr=400d0020 size=54504h (345348) map[0m
[0;32mI (254) esp_image: segment 4: paddr=0008452c vaddr=4008c3d4 size=04500h ( 17664) load[0m
[0;32mI (261) esp_image: segment 5: paddr=00088a34 vaddr=50000000 size=00020h (    32) load[0m
[0;32mI (270) boot: Loaded app from partition at offset 0x10000[0m
[0;32mI (270) boot: Disabling RNG early entropy source...[0m
[0;32mI (282) cpu_start: Multicore app[0m
[0;32mI (291) cpu_start: Pro cpu start user code[0m
[0;32mI (291) cpu_start: cpu freq: 160000000 Hz[0m
[0;32mI (291) app_init: Application information:[0m
[0;32mI (291) app_init: Project name:     Slave[0m
[0;32mI (295) app_init: App version:      eb013d3-dirty[0m
[0;32mI (299) app_init: Compile time:     Jan  1 1980 00:00:00[0m
[0;32mI (304) app_init: ELF file SHA256:  4452839e7...[0m
[0;32mI (308) app_init: ESP-IDF:          v5.5.1[0m
[0;32mI (312) efuse_init: Min chip rev:     v0.0[0m
[0;32mI (316) efuse_init: Max chip rev:     v3.99 [0m
[0;32mI (320) efuse_init: Chip rev:         v3.1[0m
[0;32mI (324) heap_init: Initializing. RAM available for dynamic allocation:[0m
[0;32mI (330) heap_init: At 3FFAE6E0 len 00001920 (6 KiB): DRAM[0m
[0;32mI (335) heap_init: At 3FFC3440 len 0001CBC0 (114 KiB): DRAM[0m
[0;32mI (340) heap_init: At 3FFE0440 len 00003AE0 (14 KiB): D/IRAM[0m
[0;32mI (346) heap_init: At 3FFE4350 len 0001BCB0 (111 KiB): D/IRAM[0m
[0;32mI (351) heap_init: At 400908D4 len 0000F72C (61 KiB): IRAM[0m
[0;32mI (358) spi_flash: detected chip: generic[0m
[0;32mI (360) spi_flash: flash io: dio[0m
[0;33mW (363) spi_flash: Detected size(4096k) larger than the size in the binary image header(2048k). Using the size in the binary image header.[0m
[0;32mI (376) main_task: Started on CPU0[0m
[0;32mI (386) main_task: Calling app_main()[0m
[0;32mI (386) SPI Slave: Инициализация SPI Slave...[0m
[0;32mI (386) SPI Slave: Инициализация устройства SPI...[0m
[0;32mI (386) SPI Slave: УСПЕШНА[0m
[0;32mI (396) SPI Slave: Инициализация SPI Slave проша УСПЕШНО[0m
[0;32mI (396) ST7735: Инициализация Дисплея[0m
[1;31mE (406) spi_share_hw_ctrl: SPI2 already claimed by spi slave.[0m
[1;31mE (406) spi: spi_bus_initialize(826): host_id already in use[0m
[1;31mE (416) ST7735: ОШИБКА SPI[0m
[0;32mI (416) ST7735: Инициализация LVGL...[0m
[0;32mI (426) LVGL: Starting LVGL task[0m

assert failed: lvgl_port_add_disp_priv esp_lvgl_port_disp.c:265 (disp_cfg->panel_handle != NULL)


Backtrace: 0x40087139:0x3ffc5490 0x40087101:0x3ffc54b0 0x4008ec29:0x3ffc54d0 0x400d6c93:0x3ffc55f0 0x400d73d7:0x3ffc5630 0x400d6464:0x3ffc5660 0x400d6289:0x3ffc56d0 0x40123af0:0x3ffc56f0 0x40087ded:0x3ffc5720




ELF file SHA256: 4452839e7

Rebooting...
ets Jul 29 2019 12:21:46

rst:0xc (SW_CPU_RESET),boot:0x13 (SPI_FAST_FLASH_BOOT)
configsip: 0, SPIWP:0xee
clk_drv:0x00,q_drv:0x00,d_drv:0x00,cs0_drv:0x00,hd_drv:0x00,wp_drv:0x00
mode:DIO, clock div:2
load:0x3fff0030,len:6380
ho 0 tail 12 room 4
load:0x40078000,len:15916
load:0x40080400,len:3860
entry 0x40080638
[0;32mI (29) boot: ESP-IDF v5.5.1 2nd stage bootloader[0m
[0;32mI (29) boot: compile time Jan  1 1980 00:00:00[0m
[0;32mI (29) boot: Multicore bootloader[0m
[0;32mI (31) boot: chip revision: v3.1[0m
[0;32mI (33) boot.esp32: SPI Speed      : 40MHz[0m
[0;32mI (37) boot.esp32: SPI Mode       : DIO[0m
[0;32mI (41) boot.esp32: SPI Flash Size : 2MB[0m
[0;32mI (44) boot: Enabling RNG early entropy source...[0m
[0;32mI (49) boot: Partition Table:[0m
[0;32mI (51) boot: ## Label            Usage          Type ST Offset   Length[0m
[0;32mI (58) boot:  0 nvs              WiFi data        01 02 00009000 00006000[0m
[0;32mI (64) boot:  1 phy_init         RF data          01 01 0000f000 00001000[0m
[0;32mI (71) boot:  2 factory          factory app      00 00 00010000 00100000[0m
[0;32mI (77) boot: End of partition table[0m
[0;32mI (80) esp_image: segment 0: paddr=00010020 vaddr=3f400020 size=114a8h ( 70824) map[0m
[0;32mI (112) esp_image: segment 1: paddr=000214d0 vaddr=3ffb0000 size=0276ch ( 10092) load[0m
[0;32mI (116) esp_image: segment 2: paddr=00023c44 vaddr=40080000 size=0c3d4h ( 50132) load[0m
[0;32mI (136) esp_image: segment 3: paddr=00030020 vaddr=400d0020 size=54504h (345348) map[0m
[0;32mI (254) esp_image: segment 4: paddr=0008452c vaddr=4008c3d4 size=04500h ( 17664) load[0m
[0;32mI (261) esp_image: segment 5: paddr=00088a34 vaddr=50000000 size=00020h (    32) load[0m
[0;32mI (270) boot: Loaded app from partition at offset 0x10000[0m
[0;32mI (270) boot: Disabling RNG early entropy source...[0m
[0;32mI (282) cpu_start: Multicore app[0m
[0;32mI (291) cpu_start: Pro cpu start user code[0m
[0;32mI (291) cpu_start: cpu freq: 160000000 Hz[0m
[0;32mI (291) app_init: Application information:[0m
[0;32mI (291) app_init: Project name:     Slave[0m
[0;32mI (295) app_init: App version:      eb013d3-dirty[0m
[0;32mI (299) app_init: Compile time:     Jan  1 1980 00:00:00[0m
[0;32mI (304) app_init: ELF file SHA256:  4452839e7...[0m
[0;32mI (308) app_init: ESP-IDF:          v5.5.1[0m
[0;32mI (312) efuse_init: Min chip rev:     v0.0[0m
[0;32mI (316) efuse_init: Max chip rev:     v3.99 [0m
[0;32mI (320) efuse_init: Chip rev:         v3.1[0m
[0;32mI (324) heap_init: Initializing. RAM available for dynamic allocation:[0m
[0;32mI (330) heap_init: At 3FFAE6E0 len 00001920 (6 KiB): DRAM[0m
[0;32mI (335) heap_init: At 3FFC3440 len 0001CBC0 (114 KiB): DRAM[0m
[0;32mI (340) heap_init: At 3FFE0440 len 00003AE0 (14 KiB): D/IRAM[0m
[0;32mI (346) heap_init: At 3FFE4350 len 0001BCB0 (111 KiB): D/IRAM[0m
[0;32mI (351) heap_init: At 400908D4 len 0000F72C (61 KiB): IRAM[0m
[0;32mI (358) spi_flash: detected chip: generic[0m
[0;32mI (360) spi_flash: flash io: dio[0m
[0;33mW (363) spi_flash: Detected size(4096k) larger than the size in the binary image header(2048k). Using the size in the binary image header.[0m
[0;32mI (376) main_task: Started on CPU0[0m
[0;32mI (386) main_task: Calling app_main()[0m
[0;32mI (386) SPI Slave: Инициализация SPI Slave...[0m
[0;32mI (386) SPI Slave: Инициализация устройства SPI...[0m
[0;32mI (386) SPI Slave: УСПЕШНА[0m
[0;32mI (396) SPI Slave: Инициализация SPI Slave проша УСПЕШНО[0m
[0;32mI (396) ST7735: Инициализация Дисплея[0m
[1;31mE (406) spi_share_hw_ctrl: SPI2 already claimed by spi slave.[0m
[1;31mE (406) spi: spi_bus_initialize(826): host_id already in use[0m
[1;31mE (416) ST7735: ОШИБКА SPI[0m
[0;32mI (416) ST7735: Инициализация LVGL...[0m
[0;32mI (426) LVGL: Starting LVGL task[0m

assert failed: lvgl_port_add_disp_priv esp_lvgl_port_disp.c:265 (disp_cfg->panel_handle != NULL)


Backtrace: 0x40087139:0x3ffc5490 0x40087101:0x3ffc54b0 0x4008ec29:0x3ffc54d0 0x400d6c93:0x3ffc55f0 0x400d73d7:0x3ffc5630 0x400d6464:0x3ffc5660 0x400d6289:0x3ffc56d0 0x40123af0:0x3ffc56f0 0x40087ded:0x3ffc5720




ELF file SHA256: 4452839e7

Rebooting...
ets Jul 29 2019 12:21:46

rst:0xc (SW_CPU_RESET),boot:0x13 (SPI_FAST_FLASH_BOOT)
configsip: 0, SPIWP:0xee
clk_drv:0x00,q_drv:0x00,d_drv:0x00,cs0_drv:0x00,hd_drv:0x00,wp_drv:0x00
mode:DIO, clock div:2
load:0x3fff0030,len:6380
ho 0 tail 12 room 4
load:0x40078000,len:15916
load:0x40080400,len:3860
entry 0x40080638
[0;32mI (29) boot: ESP-IDF v5.5.1 2nd stage bootloader[0m
[0;32mI (29) boot: compile time Jan  1 1980 00:00:00[0m
[0;32mI (29) boot: Multicore bootloader[0m
[0;32mI (31) boot: chip revision: v3.1[0m
[0;32mI (33) boot.esp32: SPI Speed      : 40MHz[0m
[0;32mI (37) boot.esp32: SPI Mode       : DIO[0m
[0;32mI (41) boot.esp32: SPI Flash Size : 2MB[0m
[0;32mI (44) boot: Enabling RNG early entropy source...[0m
[0;32mI (49) boot: Partition Table:[0m
[0;32mI (51) boot: ## Label            Usage          Type ST Offset   Length[0m
[0;32mI (58) boot:  0 nvs              WiFi data        01 02 00009000 00006000[0m
[0;32mI (64) boot:  1 phy_init         RF data          01 01 0000f000 00001000[0m
[0;32mI (71) boot:  2 factory          factory app      00 00 00010000 00100000[0m
[0;32mI (77) boot: End of partition table[0m
[0;32mI (80) esp_image: segment 0: paddr=00010020 vaddr=3f400020 size=114a8h ( 70824) map[0m
[0;32mI (112) esp_image: segment 1: paddr=000214d0 vaddr=3ffb0000 size=0276ch ( 10092) load[0m
[0;32mI (116) esp_image: segment 2: paddr=00023c44 vaddr=40080000 size=0c3d4h ( 50132) load[0m
[0;32mI (136) esp_image: segment 3: paddr=00030020 vaddr=400d0020 size=54504h (345348) map[0m
[0;32mI (254) esp_image: segment 4: paddr=0008452c vaddr=4008c3d4 size=04500h ( 17664) load[0m
[0;32mI (261) esp_image: segment 5: paddr=00088a34 vaddr=50000000 size=00020h (    32) load[0m
[0;32mI (270) boot: Loaded app from partition at offset 0x10000[0m
[0;32mI (270) boot: Disabling RNG early entropy source...[0m
[0;32mI (282) cpu_start: Multicore app[0m
[0;32mI (291) cpu_start: Pro cpu start user code[0m
[0;32mI (291) cpu_start: cpu freq: 160000000 Hz[0m
[0;32mI (291) app_init: Application information:[0m
[0;32mI (291) app_init: Project name:     Slave[0m
[0;32mI (295) app_init: App version:      eb013d3-dirty[0m
[0;32mI (299) app_init: Compile time:     Jan  1 1980 00:00:00[0m
[0;32mI (304) app_init: ELF file SHA256:  4452839e7...[0m
[0;32mI (308) app_init: ESP-IDF:          v5.5.1[0m
[0;32mI (312) efuse_init: Min chip rev:     v0.0[0m
[0;32mI (316) efuse_init: Max chip rev:     v3.99 [0m
[0;32mI (320) efuse_init: Chip rev:         v3.1[0m
[0;32mI (324) heap_init: Initializing. RAM available for dynamic allocation:[0m
[0;32mI (330) heap_init: At 3FFAE6E0 len 00001920 (6 KiB): DRAM[0m
[0;32mI (335) heap_init: At 3FFC3440 len 0001CBC0 (114 KiB): DRAM[0m
[0;32mI (340) heap_init: At 3FFE0440 len 00003AE0 (14 KiB): D/IRAM[0m
[0;32mI (346) heap_init: At 3FFE4350 len 0001BCB0 (111 KiB): D/IRAM[0m
[0;32mI (351) heap_init: At 400908D4 len 0000F72C (61 KiB): IRAM[0m
[0;32mI (358) spi_flash: detected chip: generic[0m
[0;32mI (360) spi_flash: flash io: dio[0m
[0;33mW (363) spi_flash: Detected size(4096k) larger than the size in the binary image header(2048k). Using the size in the binary image header.[0m
[0;32mI (376) main_task: Started on CPU0[0m
[0;32mI (386) main_task: Calling app_main()[0m
[0;32mI (386) SPI Slave: Инициализация SPI Slave...[0m
[0;32mI (386) SPI Slave: Инициализация устройства SPI...[0m
[0;32mI (386) SPI Slave: УСПЕШНА[0m
[0;32mI (396) SPI Slave: Инициализация SPI Slave проша УСПЕШНО[0m
[0;32mI (396) ST7735: Инициализация Дисплея[0m
[1;31mE (406) spi_share_hw_ctrl: SPI2 already claimed by spi slave.[0m
[1;31mE (406) spi: spi_bus_initialize(826): host_id already in use[0m
[1;31mE (416) ST7735: ОШИБКА SPI[0m
[0;32mI (416) ST7735: Инициализация LVGL...[0m
[0;32mI (426) LVGL: Starting LVGL task[0m

assert failed: lvgl_port_add_disp_priv esp_lvgl_port_disp.c:265 (disp_cfg->panel_handle != NULL)


Backtrace: 0x40087139:0x3ffc5490 0x40087101:0x3ffc54b0 0x4008ec29:0x3ffc54d0 0x400d6c93:0x3ffc55f0 0x400d73d7:0x3ffc5630 0x400d6464:0x3ffc5660 0x400d6289:0x3ffc56d0 0x40123af0:0x3ffc56f0 0x40087ded:0x3ffc5720




ELF file SHA256: 4452839e7

Rebooting...
ets Jul 29 2019 12:21:46

rst:0xc (SW_CPU_RESET),boot:0x13 (SPI_FAST_FLASH_BOOT)
configsip: 0, SPIWP:0xee
clk_drv:0x00,q_drv:0x00,d_drv:0x00,cs0_drv:0x00,hd_drv:0x00,wp_drv:0x00
mode:DIO, clock div:2
load:0x3fff0030,len:6380
ho 0 tail 12 room 4
load:0x40078000,len:15916
load:0x40080400,len:3860
entry 0x40080638
[0;32mI (29) boot: ESP-IDF v5.5.1 2nd stage bootloader[0m
[0;32mI (29) boot: compile time Jan  1 1980 00:00:00[0m
[0;32mI (29) boot: Multicore bootloader[0m
[0;32mI (31) boot: chip revision: v3.1[0m
[0;32mI (33) boot.esp32: SPI Speed      : 40MHz[0m
[0;32mI (37) boot.esp32: SPI Mode       : DIO[0m
[0;32mI (41) boot.esp32: SPI Flash Size : 2MB[0m
[0;32mI (44) boot: Enabling RNG early entropy source...[0m
[0;32mI (49) boot: Partition Table:[0m
[0;32mI (51) boot: ## Label            Usage          Type ST Offset   Length[0m
[0;32mI (58) boot:  0 nvs              WiFi data        01 02 00009000 00006000[0m
[0;32mI (64) boot:  1 phy_init         RF data          01 01 0000f000 00001000[0m
[0;32mI (71) boot:  2 factory          factory app      00 00 00010000 00100000[0m
[0;32mI (77) boot: End of partition table[0m
[0;32mI (80) esp_image: segment 0: paddr=00010020 vaddr=3f400020 size=114a8h ( 70824) map[0m
[0;32mI (112) esp_image: segment 1: paddr=000214d0 vaddr=3ffb0000 size=0276ch ( 10092) load[0m
[0;32mI (116) esp_image: segment 2: paddr=00023c44 vaddr=40080000 size=0c3d4h ( 50132) load[0m
[0;32mI (136) esp_image: segment 3: paddr=00030020 vaddr=400d0020 size=54504h (345348) map[0m
[0;32mI (254) esp_image: segment 4: paddr=0008452c vaddr=4008c3d4 size=04500h ( 17664) load[0m
[0;32mI (261) esp_image: segment 5: paddr=00088a34 vaddr=50000000 size=00020h (    32) load[0m
[0;32mI (270) boot: Loaded app from partition at offset 0x10000[0m
[0;32mI (270) boot: Disabling RNG early entropy source...[0m
[0;32mI (282) cpu_start: Multicore app[0m
[0;32mI (291) cpu_start: Pro cpu start user code[0m
[0;32mI (291) cpu_start: cpu freq: 160000000 Hz[0m
[0;32mI (291) app_init: Application information:[0m
[0;32mI (291) app_init: Project name:     Slave[0m
[0;32mI (295) app_init: App version:      eb013d3-dirty[0m
[0;32mI (299) app_init: Compile time:     Jan  1 1980 00:00:00[0m
[0;32mI (304) app_init: ELF file SHA256:  4452839e7...[0m
[0;32mI (308) app_init: ESP-IDF:          v5.5.1[0m
[0;32mI (312) efuse_init: Min chip rev:     v0.0[0m
[0;32mI (316) efuse_init: Max chip rev:     v3.99 [0m
[0;32mI (320) efuse_init: Chip rev:         v3.1[0m
[0;32mI (324) heap_init: Initializing. RAM available for dynamic allocation:[0m
[0;32mI (330) heap_init: At 3FFAE6E0 len 00001920 (6 KiB): DRAM[0m
[0;32mI (335) heap_init: At 3FFC3440 len 0001CBC0 (114 KiB): DRAM[0m
[0;32mI (340) heap_init: At 3FFE0440 len 00003AE0 (14 KiB): D/IRAM[0m
[0;32mI (346) heap_init: At 3FFE4350 len 0001BCB0 (111 KiB): D/IRAM[0m
[0;32mI (351) heap_init: At 400908D4 len 0000F72C (61 KiB): IRAM[0m
[0;32mI (358) spi_flash: detected chip: generic[0m
[0;32mI (360) spi_flash: flash io: dio[0m
[0;33mW (363) spi_flash: Detected size(4096k) larger than the size in the binary image header(2048k). Using the size in the binary image header.[0m
[0;32mI (376) main_task: Started on CPU0[0m
[0;32mI (386) main_task: Calling app_main()[0m
[0;32mI (386) SPI Slave: Инициализация SPI Slave...[0m
[0;32mI (386) SPI Slave: Инициализация устройства SPI...[0m
[0;32mI (386) SPI Slave: УСПЕШНА[0m
[0;32mI (396) SPI Slave: Инициализация SPI Slave проша УСПЕШНО[0m
[0;32mI (396) ST7735: Инициализация Дисплея[0m
[1;31mE (406) spi_share_hw_ctrl: SPI2 already claimed by spi slave.[0m
[1;31mE (406) spi: spi_bus_initialize(826): host_id already in use[0m
[1;31mE (416) ST7735: ОШИБКА SPI[0m
[0;32mI (416) ST7735: Инициализация LVGL...[0m
[0;32mI (426) LVGL: Starting LVGL task[0m

assert failed: lvgl_port_add_disp_priv esp_lvgl_port_disp.c:265 (disp_cfg->panel_handle != NULL)


Backtrace: 0x40087139:0x3ffc5490 0x40087101:0x3ffc54b0 0x4008ec29:0x3ffc54d0 0x400d6c93:0x3ffc55f0 0x400d73d7:0x3ffc5630 0x400d6464:0x3ffc5660 0x400d6289:0x3ffc56d0 0x40123af0:0x3ffc56f0 0x40087ded:0x3ffc5720




ELF file SHA256: 4452839e7

Rebooting...
ets Jul 29 2019 12:21:46

rst:0xc (SW_CPU_RESET),boot:0x13 (SPI_FAST_FLASH_BOOT)
configsip: 0, SPIWP:0xee
clk_drv:0x00,q_drv:0x00,d_drv:0x00,cs0_drv:0x00,hd_drv:0x00,wp_drv:0x00
mode:DIO, clock div:2
load:0x3fff0030,len:6380
ho 0 tail 12 room 4
load:0x40078000,len:15916
load:0x40080400,len:3860
entry 0x40080638
[0;32mI (29) boot: ESP-IDF v5.5.1 2nd stage bootloader[0m
[0;32mI (29) boot: compile time Jan  1 1980 00:00:00[0m
[0;32mI (29) boot: Multicore bootloader[0m
[0;32mI (31) boot: chip revision: v3.1[0m
[0;32mI (33) boot.esp32: SPI Speed      : 40MHz[0m
[0;32mI (37) boot.esp32: SPI Mode       : DIO[0m
[0;32mI (41) boot.esp32: SPI Flash Size : 2MB[0m
[0;32mI (44) boot: Enabling RNG early entropy source...[0m
[0;32mI (49) boot: Partition Table:[0m
[0;32mI (51) boot: ## Label            Usage          Type ST Offset   Length[0m
[0;32mI (58) boot:  0 nvs              WiFi data        01 02 00009000 00006000[0m
[0;32mI (64) boot:  1 phy_init         RF data          01 01 0000f000 00001000[0m
[0;32mI (71) boot:  2 factory          factory app      00 00 00010000 00100000[0m
[0;32mI (77) boot: End of partition table[0m
[0;32mI (80) esp_image: segment 0: paddr=00010020 vaddr=3f400020 size=114a8h ( 70824) map[0m
[0;32mI (112) esp_image: segment 1: paddr=000214d0 vaddr=3ffb0000 size=0276ch ( 10092) load[0m
[0;32mI (116) esp_image: segment 2: paddr=00023c44 vaddr=40080000 size=0c3d4h ( 50132) load[0m
[0;32mI (136) esp_image: segment 3: paddr=00030020 vaddr=400d0020 size=54504h (345348) map[0m
[0;32mI (254) esp_image: segment 4: paddr=0008452c vaddr=4008c3d4 size=04500h ( 17664) load[0m
[0;32mI (261) esp_image: segment 5: paddr=00088a34 vaddr=50000000 size=00020h (    32) load[0m
[0;32mI (270) boot: Loaded app from partition at offset 0x10000[0m
[0;32mI (270) boot: Disabling RNG early entropy source...[0m
[0;32mI (282) cpu_start: Multicore app[0m
[0;32mI (291) cpu_start: Pro cpu start user code[0m
[0;32mI (291) cpu_start: cpu freq: 160000000 Hz[0m
[0;32mI (291) app_init: Application information:[0m
[0;32mI (291) app_init: Project name:     Slave[0m
[0;32mI (295) app_init: App version:      eb013d3-dirty[0m
[0;32mI (299) app_init: Compile time:     Jan  1 1980 00:00:00[0m
[0;32mI (304) app_init: ELF file SHA256:  4452839e7...[0m
[0;32mI (308) app_init: ESP-IDF:          v5.5.1[0m
[0;32mI (312) efuse_init: Min chip rev:     v0.0[0m
[0;32mI (316) efuse_init: Max chip rev:     v3.99 [0m
[0;32mI (320) efuse_init: Chip rev:         v3.1[0m
[0;32mI (324) heap_init: Initializing. RAM available for dynamic allocation:[0m
[0;32mI (330) heap_init: At 3FFAE6E0 len 00001920 (6 KiB): DRAM[0m
[0;32mI (335) heap_init: At 3FFC3440 len 0001CBC0 (114 KiB): DRAM[0m
[0;32mI (340) heap_init: At 3FFE0440 len 00003AE0 (14 KiB): D/IRAM[0m
[0;32mI (346) heap_init: At 3FFE4350 len 0001BCB0 (111 KiB): D/IRAM[0m
[0;32mI (351) heap_init: At 400908D4 len 0000F72C (61 KiB): IRAM[0m
[0;32mI (358) spi_flash: detected chip: generic[0m
[0;32mI (360) spi_flash: flash io: dio[0m
[0;33mW (363) spi_flash: Detected size(4096k) larger than the size in the binary image header(2048k). Using the size in the binary image header.[0m
[0;32mI (376) main_task: Started on CPU0[0m
[0;32mI (386) main_task: Calling app_main()[0m
[0;32mI (386) SPI Slave: Инициализация SPI Slave...[0m
[0;32mI (386) SPI Slave: Инициализация устройства SPI...[0m
[0;32mI (386) SPI Slave: УСПЕШНА[0m
[0;32mI (396) SPI Slave: Инициализация SPI Slave проша УСПЕШНО[0m
[0;32mI (396) ST7735: Инициализация Дисплея[0m
[1;31mE (406) spi_share_hw_ctrl: SPI2 already claimed by spi slave.[0m
[1;31mE (406) spi: spi_bus_initialize(826): host_id already in use[0m
[1;31mE (416) ST7735: ОШИБКА SPI[0m
[0;32mI (416) ST7735: Инициализация LVGL...[0m
[0;32mI (426) LVGL: Starting LVGL task[0m

assert failed: lvgl_port_add_disp_priv esp_lvgl_port_disp.c:265 (disp_cfg->panel_handle != NULL)


Backtrace: 0x40087139:0x3ffc5490 0x40087101:0x3ffc54b0 0x4008ec29:0x3ffc54d0 0x400d6c93:0x3ffc55f0 0x400d73d7:0x3ffc5630 0x400d6464:0x3ffc5660 0x400d6289:0x3ffc56d0 0x40123af0:0x3ffc56f0 0x40087ded:0x3ffc5720




ELF file SHA256: 4452839e7

Rebooting...
ets Jul 29 2019 12:21:46

rst:0xc (SW_CPU_RESET),boot:0x13 (SPI_FAST_FLASH_BOOT)
configsip: 0, SPIWP:0xee
clk_drv:0x00,q_drv:0x00,d_drv:0x00,cs0_drv:0x00,hd_drv:0x00,wp_drv:0x00
mode:DIO, clock div:2
load:0x3fff0030,len:6380
ho 0 tail 12 room 4
load:0x40078000,len:15916
load:0x40080400,len:3860
entry 0x40080638
[0;32mI (29) boot: ESP-IDF v5.5.1 2nd stage bootloader[0m
[0;32mI (29) boot: compile time Jan  1 1980 00:00:00[0m
[0;32mI (29) boot: Multicore bootloader[0m
[0;32mI (31) boot: chip revision: v3.1[0m
[0;32mI (33) boot.esp32: SPI Speed      : 40MHz[0m
[0;32mI (37) boot.esp32: SPI Mode       : DIO[0m
[0;32mI (41) boot.esp32: SPI Flash Size : 2MB[0m
[0;32mI (44) boot: Enabling RNG early entropy source...[0m
[0;32mI (49) boot: Partition Table:[0m
[0;32mI (51) boot: ## Label            Usage          Type ST Offset   Length[0m
[0;32mI (58) boot:  0 nvs              WiFi data        01 02 00009000 00006000[0m
[0;32mI (64) boot:  1 phy_init         RF data          01 01 0000f000 00001000[0m
[0;32mI (71) boot:  2 factory          factory app      00 00 00010000 00100000[0m
[0;32mI (77) boot: End of partition table[0m
[0;32mI (80) esp_image: segment 0: paddr=00010020 vaddr=3f400020 size=114a8h ( 70824) map[0m
[0;32mI (112) esp_image: segment 1: paddr=000214d0 vaddr=3ffb0000 size=0276ch ( 10092) load[0m
[0;32mI (116) esp_image: segment 2: paddr=00023c44 vaddr=40080000 size=0c3d4h ( 50132) load[0m
[0;32mI (136) esp_image: segment 3: paddr=00030020 vaddr=400d0020 size=54504h (345348) map[0m
[0;32mI (254) esp_image: segment 4: paddr=0008452c vaddr=4008c3d4 size=04500h ( 17664) load[0m
[0;32mI (261) esp_image: segment 5: paddr=00088a34 vaddr=50000000 size=00020h (    32) load[0m
[0;32mI (270) boot: Loaded app from partition at offset 0x10000[0m
[0;32mI (270) boot: Disabling RNG early entropy source...[0m
[0;32mI (282) cpu_start: Multicore app[0m
[0;32mI (291) cpu_start: Pro cpu start user code[0m
[0;32mI (291) cpu_start: cpu freq: 160000000 Hz[0m
[0;32mI (291) app_init: Application information:[0m
[0;32mI (291) app_init: Project name:     Slave[0m
[0;32mI (295) app_init: App version:      eb013d3-dirty[0m
[0;32mI (299) app_init: Compile time:     Jan  1 1980 00:00:00[0m
[0;32mI (304) app_init: ELF file SHA256:  4452839e7...[0m
[0;32mI (308) app_init: ESP-IDF:          v5.5.1[0m
[0;32mI (312) efuse_init: Min chip rev:     v0.0[0m
[0;32mI (316) efuse_init: Max chip rev:     v3.99 [0m
[0;32mI (320) efuse_init: Chip rev:         v3.1[0m
[0;32mI (324) heap_init: Initializing. RAM available for dynamic allocation:[0m
[0;32mI (330) heap_init: At 3FFAE6E0 len 00001920 (6 KiB): DRAM[0m
[0;32mI (335) heap_init: At 3FFC3440 len 0001CBC0 (114 KiB): DRAM[0m
[0;32mI (340) heap_init: At 3FFE0440 len 00003AE0 (14 KiB): D/IRAM[0m
[0;32mI (346) heap_init: At 3FFE4350 len 0001BCB0 (111 KiB): D/IRAM[0m
[0;32mI (351) heap_init: At 400908D4 len 0000F72C (61 KiB): IRAM[0m
[0;32mI (358) spi_flash: detected chip: generic[0m
[0;32mI (360) spi_flash: flash io: dio[0m
[0;33mW (363) spi_flash: Detected size(4096k) larger than the size in the binary image header(2048k). Using the size in the binary image header.[0m
[0;32mI (376) main_task: Started on CPU0[0m
[0;32mI (386) main_task: Calling app_main()[0m
[0;32mI (386) SPI Slave: Инициализация SPI Slave...[0m
[0;32mI (386) SPI Slave: Инициализация устройства SPI...[0m
[0;32mI (386) SPI Slave: УСПЕШНА[0m
[0;32mI (396) SPI Slave: Инициализация SPI Slave проша УСПЕШНО[0m
[0;32mI (396) ST7735: Инициализация Дисплея[0m
[1;31mE (406) spi_share_hw_ctrl: SPI2 already claimed by spi slave.[0m
[1;31mE (406) spi: spi_bus_initialize(826): host_id already in use[0m
[1;31mE (416) ST7735: ОШИБКА SPI[0m
[0;32mI (416) ST7735: Инициализация LVGL...[0m
[0;32mI (426) LVGL: Starting LVGL task[0m

assert failed: lvgl_port_add_disp_priv esp_lvgl_port_disp.c:265 (disp_cfg->panel_handle != NULL)


Backtrace: 0x40087139:0x3ffc5490 0x40087101:0x3ffc54b0 0x4008ec29:0x3ffc54d0 0x400d6c93:0x3ffc55f0 0x400d73d7:0x3ffc5630 0x400d6464:0x3ffc5660 0x400d6289:0x3ffc56d0 0x40123af0:0x3ffc56f0 0x40087ded:0x3ffc5720




ELF file SHA256: 4452839e7

Rebooting...
ets Jul 29 2019 12:21:46

rst:0xc (SW_CPU_RESET),boot:0x13 (SPI_FAST_FLASH_BOOT)
configsip: 0, SPIWP:0xee
clk_drv:0x00,q_drv:0x00,d_drv:0x00,cs0_drv:0x00,hd_drv:0x00,wp_drv:0x00
mode:DIO, clock div:2
load:0x3fff0030,len:6380
ho 0 tail 12 room 4
load:0x40078000,len:15916
load:0x40080400,len:3860
entry 0x40080638
[0;32mI (29) boot: ESP-IDF v5.5.1 2nd stage bootloader[0m
[0;32mI (29) boot: compile time Jan  1 1980 00:00:00[0m
[0;32mI (29) boot: Multicore bootloader[0m
[0;32mI (31) boot: chip revision: v3.1[0m
[0;32mI (33) boot.esp32: SPI Speed      : 40MHz[0m
[0;32mI (37) boot.esp32: SPI Mode       : DIO[0m
[0;32mI (41) boot.esp32: SPI Flash Size : 2MB[0m
[0;32mI (44) boot: Enabling RNG early entropy source...[0m
[0;32mI (49) boot: Partition Table:[0m
[0;32mI (51) boot: ## Label            Usage          Type ST Offset   Length[0m
[0;32mI (58) boot:  0 nvs              WiFi data        01 02 00009000 00006000[0m
[0;32mI (64) boot:  1 phy_init         RF data          01 01 0000f000 00001000[0m
[0;32mI (71) boot:  2 factory          factory app      00 00 00010000 00100000[0m
[0;32mI (77) boot: End of partition table[0m
[0;32mI (80) esp_image: segment 0: paddr=00010020 vaddr=3f400020 size=114a8h ( 70824) map[0m
[0;32mI (112) esp_image: segment 1: paddr=000214d0 vaddr=3ffb0000 size=0276ch ( 10092) load[0m
[0;32mI (116) esp_image: segment 2: paddr=00023c44 vaddr=40080000 size=0c3d4h ( 50132) load[0m
[0;32mI (136) esp_image: segment 3: paddr=00030020 vaddr=400d0020 size=54504h (345348) map[0m
[0;32mI (254) esp_image: segment 4: paddr=0008452c vaddr=4008c3d4 size=04500h ( 17664) load[0m
[0;32mI (261) esp_image: segment 5: paddr=00088a34 vaddr=50000000 size=00020h (    32) load[0m
[0;32mI (270) boot: Loaded app from partition at offset 0x10000[0m
[0;32mI (270) boot: Disabling RNG early entropy source...[0m
[0;32mI (282) cpu_start: Multicore app[0m
[0;32mI (291) cpu_start: Pro cpu start user code[0m
[0;32mI (291) cpu_start: cpu freq: 160000000 Hz[0m
[0;32mI (291) app_init: Application information:[0m
[0;32mI (291) app_init: Project name:     Slave[0m
[0;32mI (295) app_init: App version:      eb013d3-dirty[0m
[0;32mI (299) app_init: Compile time:     Jan  1 1980 00:00:00[0m
[0;32mI (304) app_init: ELF file SHA256:  4452839e7...[0m
[0;32mI (308) app_init: ESP-IDF:          v5.5.1[0m
[0;32mI (312) efuse_init: Min chip rev:     v0.0[0m
[0;32mI (316) efuse_init: Max chip rev:     v3.99 [0m
[0;32mI (320) efuse_init: Chip rev:         v3.1[0m
[0;32mI (324) heap_init: Initializing. RAM available for dynamic allocation:[0m
[0;32mI (330) heap_init: At 3FFAE6E0 len 00001920 (6 KiB): DRAM[0m
[0;32mI (335) heap_init: At 3FFC3440 len 0001CBC0 (114 KiB): DRAM[0m
[0;32mI (340) heap_init: At 3FFE0440 len 00003AE0 (14 KiB): D/IRAM[0m
[0;32mI (346) heap_init: At 3FFE4350 len 0001BCB0 (111 KiB): D/IRAM[0m
[0;32mI (351) heap_init: At 400908D4 len 0000F72C (61 KiB): IRAM[0m
[0;32mI (358) spi_flash: detected chip: generic[0m
[0;32mI (360) spi_flash: flash io: dio[0m
[0;33mW (363) spi_flash: Detected size(4096k) larger than the size in the binary image header(2048k). Using the size in the binary image header.[0m
[0;32mI (376) main_task: Started on CPU0[0m
[0;32mI (386) main_task: Calling app_main()[0m
[0;32mI (386) SPI Slave: Инициализация SPI Slave...[0m
[0;32mI (386) SPI Slave: Инициализация устройства SPI...[0m
[0;32mI (386) SPI Slave: УСПЕШНА[0m
[0;32mI (396) SPI Slave: Инициализация SPI Slave проша УСПЕШНО[0m
[0;32mI (396) ST7735: Инициализация Дисплея[0m
[1;31mE (406) spi_share_hw_ctrl: SPI2 already claimed by spi slave.[0m
[1;31mE (406) spi: spi_bus_initialize(826): host_id already in use[0m
[1;31mE (416) ST7735: ОШИБКА SPI[0m
[0;32mI (416) ST7735: Инициализация LVGL...[0m
[0;32mI (426) LVGL: Starting LVGL task[0m

assert failed: lvgl_port_add_disp_priv esp_lvgl_port_disp.c:265 (disp_cfg->panel_handle != NULL)


Backtrace: 0x40087139:0x3ffc5490 0x40087101:0x3ffc54b0 0x4008ec29:0x3ffc54d0 0x400d6c93:0x3ffc55f0 0x400d73d7:0x3ffc5630 0x400d6464:0x3ffc5660 0x400d6289:0x3ffc56d0 0x40123af0:0x3ffc56f0 0x40087ded:0x3ffc5720




ELF file SHA256: 4452839e7

Rebooting...
ets Jul 29 2019 12:21:46

rst:0xc (SW_CPU_RESET),boot:0x13 (SPI_FAST_FLASH_BOOT)
configsip: 0, SPIWP:0xee
clk_drv:0x00,q_drv:0x00,d_drv:0x00,cs0_drv:0x00,hd_drv:0x00,wp_drv:0x00
mode:DIO, clock div:2
load:0x3fff0030,len:6380
ho 0 tail 12 room 4
load:0x40078000,len:15916
load:0x40080400,len:3860
entry 0x40080638
[0;32mI (29) boot: ESP-IDF v5.5.1 2nd stage bootloader[0m
[0;32mI (29) boot: compile time Jan  1 1980 00:00:00[0m
[0;32mI (29) boot: Multicore bootloader[0m
[0;32mI (31) boot: chip revision: v3.1[0m
[0;32mI (33) boot.esp32: SPI Speed      : 40MHz[0m
[0;32mI (37) boot.esp32: SPI Mode       : DIO[0m
[0;32mI (41) boot.esp32: SPI Flash Size : 2MB[0m
[0;32mI (44) boot: Enabling RNG early entropy source...[0m
[0;32mI (49) boot: Partition Table:[0m
[0;32mI (51) boot: ## Label            Usage          Type ST Offset   Length[0m
[0;32mI (58) boot:  0 nvs              WiFi data        01 02 00009000 00006000[0m
[0;32mI (64) boot:  1 phy_init         RF data          01 01 0000f000 00001000[0m
[0;32mI (71) boot:  2 factory          factory app      00 00 00010000 00100000[0m
[0;32mI (77) boot: End of partition table[0m
[0;32mI (80) esp_image: segment 0: paddr=00010020 vaddr=3f400020 size=114a8h ( 70824) map[0m
[0;32mI (112) esp_image: segment 1: paddr=000214d0 vaddr=3ffb0000 size=0276ch ( 10092) load[0m
[0;32mI (116) esp_image: segment 2: paddr=00023c44 vaddr=40080000 size=0c3d4h ( 50132) load[0m
[0;32mI (136) esp_image: segment 3: paddr=00030020 vaddr=400d0020 size=54504h (345348) map[0m
[0;32mI (254) esp_image: segment 4: paddr=0008452c vaddr=4008c3d4 size=04500h ( 17664) load[0m
[0;32mI (261) esp_image: segment 5: paddr=00088a34 vaddr=50000000 size=00020h (    32) load[0m
[0;32mI (270) boot: Loaded app from partition at offset 0x10000[0m
[0;32mI (270) boot: Disabling RNG early entropy source...[0m
[0;32mI (282) cpu_start: Multicore app[0m
[0;32mI (291) cpu_start: Pro cpu start user code[0m
[0;32mI (291) cpu_start: cpu freq: 160000000 Hz[0m
[0;32mI (291) app_init: Application information:[0m
[0;32mI (291) app_init: Project name:     Slave[0m
[0;32mI (295) app_init: App version:      eb013d3-dirty[0m
[0;32mI (299) app_init: Compile time:     Jan  1 1980 00:00:00[0m
[0;32mI (304) app_init: ELF file SHA256:  4452839e7...[0m
[0;32mI (308) app_init: ESP-IDF:          v5.5.1[0m
[0;32mI (312) efuse_init: Min chip rev:     v0.0[0m
[0;32mI (316) efuse_init: Max chip rev:     v3.99 [0m
[0;32mI (320) efuse_init: Chip rev:         v3.1[0m
[0;32mI (324) heap_init: Initializing. RAM available for dynamic allocation:[0m
[0;32mI (330) heap_init: At 3FFAE6E0 len 00001920 (6 KiB): DRAM[0m
[0;32mI (335) heap_init: At 3FFC3440 len 0001CBC0 (114 KiB): DRAM[0m
[0;32mI (340) heap_init: At 3FFE0440 len 00003AE0 (14 KiB): D/IRAM[0m
[0;32mI (346) heap_init: At 3FFE4350 len 0001BCB0 (111 KiB): D/IRAM[0m
[0;32mI (351) heap_init: At 400908D4 len 0000F72C (61 KiB): IRAM[0m
[0;32mI (358) spi_flash: detected chip: generic[0m
[0;32mI (360) spi_flash: flash io: dio[0m
[0;33mW (363) spi_flash: Detected size(4096k) larger than the size in the binary image header(2048k). Using the size in the binary image header.[0m
[0;32mI (376) main_task: Started on CPU0[0m
[0;32mI (386) main_task: Calling app_main()[0m
[0;32mI (386) SPI Slave: Инициализация SPI Slave...[0m
[0;32mI (386) SPI Slave: Инициализация устройства SPI...[0m
[0;32mI (386) SPI Slave: УСПЕШНА[0m
[0;32mI (396) SPI Slave: Инициализация SPI Slave проша УСПЕШНО[0m
[0;32mI (396) ST7735: Инициализация Дисплея[0m
[1;31mE (406) spi_share_hw_ctrl: SPI2 already claimed by spi slave.[0m
[1;31mE (406) spi: spi_bus_initialize(826): host_id already in use[0m
[1;31mE (416) ST7735: ОШИБКА SPI[0m
[0;32mI (416) ST7735: Инициализация LVGL...[0m
[0;32mI (426) LVGL: Starting LVGL task[0m

assert failed: lvgl_port_add_disp_priv esp_lvgl_port_disp.c:265 (disp_cfg->panel_handle != NULL)


Backtrace: 0x40087139:0x3ffc5490 0x40087101:0x3ffc54b0 0x4008ec29:0x3ffc54d0 0x400d6c93:0x3ffc55f0 0x400d73d7:0x3ffc5630 0x400d6464:0x3ffc5660 0x400d6289:0x3ffc56d0 0x40123af0:0x3ffc56f0 0x40087ded:0x3ffc5720




ELF file SHA256: 4452839e7

Rebooting...
ets Jul 29 2019 12:21:46

rst:0xc (SW_CPU_RESET),boot:0x13 (SPI_FAST_FLASH_BOOT)
configsip: 0, SPIWP:0xee
clk_drv:0x00,q_drv:0x00,d_drv:0x00,cs0_drv:0x00,hd_drv:0x00,wp_drv:0x00
mode:DIO, clock div:2
load:0x3fff0030,len:6380
ho 0 tail 12 room 4
load:0x40078000,len:15916
load:0x40080400,len:3860
entry 0x40080638
[0;32mI (29) boot: ESP-IDF v5.5.1 2nd stage bootloader[0m
[0;32mI (29) boot: compile time Jan  1 1980 00:00:00[0m
[0;32mI (29) boot: Multicore bootloader[0m
[0;32mI (31) boot: chip revision: v3.1[0m
[0;32mI (33) boot.esp32: SPI Speed      : 40MHz[0m
[0;32mI (37) boot.esp32: SPI Mode       : DIO[0m
[0;32mI (41) boot.esp32: SPI Flash Size : 2MB[0m
[0;32mI (44) boot: Enabling RNG early entropy source...[0m
[0;32mI (49) boot: Partition Table:[0m
[0;32mI (51) boot: ## Label            Usage          Type ST Offset   Length[0m
[0;32mI (58) boot:  0 nvs              WiFi data        01 02 00009000 00006000[0m
[0;32mI (64) boot:  1 phy_init         RF data          01 01 0000f000 00001000[0m
[0;32mI (71) boot:  2 factory          factory app      00 00 00010000 00100000[0m
[0;32mI (77) boot: End of partition table[0m
[0;32mI (80) esp_image: segment 0: paddr=00010020 vaddr=3f400020 size=114a8h ( 70824) map[0m
[0;32mI (112) esp_image: segment 1: paddr=000214d0 vaddr=3ffb0000 size=0276ch ( 10092) load[0m
[0;32mI (116) esp_image: segment 2: paddr=00023c44 vaddr=40080000 size=0c3d4h ( 50132) load[0m
[0;32mI (136) esp_image: segment 3: paddr=00030020 vaddr=400d0020 size=54504h (345348) map[0m
[0;32mI (254) esp_image: segment 4: paddr=0008452c vaddr=4008c3d4 size=04500h ( 17664) load[0m
[0;32mI (261) esp_image: segment 5: paddr=00088a34 vaddr=50000000 size=00020h (    32) load[0m
[0;32mI (270) boot: Loaded app from partition at offset 0x10000[0m
[0;32mI (270) boot: Disabling RNG early entropy source...[0m
[0;32mI (282) cpu_start: Multicore app[0m
[0;32mI (291) cpu_start: Pro cpu start user code[0m
[0;32mI (291) cpu_start: cpu freq: 160000000 Hz[0m
[0;32mI (291) app_init: Application information:[0m
[0;32mI (291) app_init: Project name:     Slave[0m
[0;32mI (295) app_init: App version:      eb013d3-dirty[0m
[0;32mI (299) app_init: Compile time:     Jan  1 1980 00:00:00[0m
[0;32mI (304) app_init: ELF file SHA256:  4452839e7...[0m
[0;32mI (308) app_init: ESP-IDF:          v5.5.1[0m
[0;32mI (312) efuse_init: Min chip rev:     v0.0[0m
[0;32mI (316) efuse_init: Max chip rev:     v3.99 [0m
[0;32mI (320) efuse_init: Chip rev:         v3.1[0m
[0;32mI (324) heap_init: Initializing. RAM available for dynamic allocation:[0m
[0;32mI (330) heap_init: At 3FFAE6E0 len 00001920 (6 KiB): DRAM[0m
[0;32mI (335) heap_init: At 3FFC3440 len 0001CBC0 (114 KiB): DRAM[0m
[0;32mI (340) heap_init: At 3FFE0440 len 00003AE0 (14 KiB): D/IRAM[0m
[0;32mI (346) heap_init: At 3FFE4350 len 0001BCB0 (111 KiB): D/IRAM[0m
[0;32mI (351) heap_init: At 400908D4 len 0000F72C (61 KiB): IRAM[0m
[0;32mI (358) spi_flash: detected chip: generic[0m
[0;32mI (360) spi_flash: flash io: dio[0m
[0;33mW (363) spi_flash: Detected size(4096k) larger than the size in the binary image header(2048k). Using the size in the binary image header.[0m
[0;32mI (376) main_task: Started on CPU0[0m
[0;32mI (386) main_task: Calling app_main()[0m
[0;32mI (386) SPI Slave: Инициализация SPI Slave...[0m
[0;32mI (386) SPI Slave: Инициализация устройства SPI...[0m
[0;32mI (386) SPI Slave: УСПЕШНА[0m
[0;32mI (396) SPI Slave: Инициализация SPI Slave проша УСПЕШНО[0m
[0;32mI (396) ST7735: Инициализация Дисплея[0m
[1;31mE (406) spi_share_hw_ctrl: SPI2 already claimed by spi slave.[0m
[1;31mE (406) spi: spi_bus_initialize(826): host_id already in use[0m
[1;31mE (416) ST7735: ОШИБКА SPI[0m
[0;32mI (416) ST7735: Инициализация LVGL...[0m
[0;32mI (426) LVGL: Starting LVGL task[0m

assert failed: lvgl_port_add_disp_priv esp_lvgl_port_disp.c:265 (disp_cfg->panel_handle != NULL)


Backtrace: 0x40087139:0x3ffc5490 0x40087101:0x3ffc54b0 0x4008ec29:0x3ffc54d0 0x400d6c93:0x3ffc55f0 0x400d73d7:0x3ffc5630 0x400d6464:0x3ffc5660 0x400d6289:0x3ffc56d0 0x40123af0:0x3ffc56f0 0x40087ded:0x3ffc5720




ELF file SHA256: 4452839e7

Rebooting...
ets Jul 29 2019 12:21:46

rst:0xc (SW_CPU_RESET),boot:0x13 (SPI_FAST_FLASH_BOOT)
configsip: 0, SPIWP:0xee
clk_drv:0x00,q_drv:0x00,d_drv:0x00,cs0_drv:0x00,hd_drv:0x00,wp_drv:0x00
mode:DIO, clock div:2
load:0x3fff0030,len:6380
ho 0 tail 12 room 4
load:0x40078000,len:15916
load:0x40080400,len:3860
entry 0x40080638
[0;32mI (29) boot: ESP-IDF v5.5.1 2nd stage bootloader[0m
[0;32mI (29) boot: compile time Jan  1 1980 00:00:00[0m
[0;32mI (29) boot: Multicore bootloader[0m
[0;32mI (31) boot: chip revision: v3.1[0m
