Command: /nix/store/yxn8caq88x7ncmsbvqn51wk7pwqmvivc-python3-3.13.9-env/bin/python /nix/store/516xlp8n62j0jwj47gjyy6w120zi3rd8-esp-idf-v5.5.2/tools/idf_monitor.py -p /dev/ttyUSB0 -b 115200 --toolchain-prefix xtensa-esp32-elf- --target esp32 --revision 0 /home/blank/Engineering/MCU/ESP32/KeyLogin/build/KeyLogin.elf /home/blank/Engineering/MCU/ESP32/KeyLogin/build/bootloader/bootloader.elf -m '/nix/store/yxn8caq88x7ncmsbvqn51wk7pwqmvivc-python3-3.13.9-env/bin/python' '/nix/store/516xlp8n62j0jwj47gjyy6w120zi3rd8-esp-idf-v5.5.2/tools/idf.py'
 160000000 Hz
[0;32mI (186) app_init: Application information:[0m
[0;32mI (189) app_in�ets Jul 29 2019 12:21:46[0m

rst:0x1 (POWERON_RESET),boot:0x13 (SPI_FAST_FLASH_BOOT)
configsip: 0, SPIWP:0xee
clk_drv:0x00,q_drv:0x00,d_drv:0x00,cs0_drv:0x00,hd_drv:0x00,wp_drv:0x00
mode:DIO, clock div:2
load:0x3fff0030,len:6384
load:0x40078000,len:15916
load:0x40080400,len:3920
entry 0x40080644
[0;32mI (27) boot: ESP-IDF v5.5.2 2nd stage bootloader[0m
[0;32mI (27) boot: compile time Jan  1 1980 00:00:00[0m
[0;32mI (28) boot: Multicore bootloader[0m
[0;32mI (29) boot: chip revision: v3.1[0m
[0;32mI (32) boot.esp32: SPI Speed      : 40MHz[0m
[0;32mI (35) boot.esp32: SPI Mode       : DIO[0m
[0;32mI (39) boot.esp32: SPI Flash Size : 2MB[0m
[0;32mI (42) boot: Enabling RNG early entropy source...[0m
[0;32mI (47) boot: Partition Table:[0m
[0;32mI (49) boot: ## Label            Usage          Type ST Offset   Length[0m
[0;32mI (56) boot:  0 nvs              WiFi data        01 02 00009000 00006000[0m
[0;32mI (62) boot:  1 phy_init         RF data          01 01 0000f000 00001000[0m
[0;32mI (69) boot:  2 factory          factory app      00 00 00010000 00100000[0m
[0;32mI (75) boot: End of partition table[0m
[0;32mI (79) esp_image: segment 0: paddr=00010020 vaddr=3f400020 size=0b0f4h ( 45300) map[0m
[0;32mI (102) esp_image: segment 1: paddr=0001b11c vaddr=3ffb0000 size=02568h (  9576) load[0m
[0;32mI (105) esp_image: segment 2: paddr=0001d68c vaddr=40080000 size=0298ch ( 10636) load[0m
[0;32mI (110) esp_image: segment 3: paddr=00020020 vaddr=400d0020 size=11698h ( 71320) map[0m
[0;32mI (137) esp_image: segment 4: paddr=000316c0 vaddr=4008298c size=0c360h ( 50016) load[0m
[0;32mI (157) esp_image: segment 5: paddr=0003da28 vaddr=50000000 size=00020h (    32) load[0m
[0;32mI (165) boot: Loaded app from partition at offset 0x10000[0m
[0;32mI (165) boot: Disabling RNG early entropy source...[0m
[0;32mI (175) cpu_start: Multicore app[0m
[0;32mI (183) cpu_start: GPIO 3 and 1 are used as console UART I/O pins[0m
[0;32mI (184) cpu_start: Pro cpu start user code[0m
[0;32mI (184) cpu_start: cpu freq: 160000000 Hz[0m
[0;32mI (186) app_init: Application information:[0m
[0;32mI (189) app_init: Project name:     KeyLogin[0m
[0;32mI (193) app_init: App version:      c9330d79-dirty[0m
[0;32mI (198) app_init: Compile time:     Jan  1 1980 00:00:00[0m
[0;32mI (203) app_init: ELF file SHA256:  aa281169f...[0m
[0;32mI (207) app_init: ESP-IDF:          v5.5.2[0m
[0;32mI (211) efuse_init: Min chip rev:     v0.0[0m
[0;32mI (215) efuse_init: Max chip rev:     v3.99 [0m
[0;32mI (219) efuse_init: Chip rev:         v3.1[0m
[0;32mI (223) heap_init: Initializing. RAM available for dynamic allocation:[0m
[0;32mI (229) heap_init: At 3FFAE6E0 len 00001920 (6 KiB): DRAM[0m
[0;32mI (234) heap_init: At 3FFB2E68 len 0002D198 (180 KiB): DRAM[0m
[0;32mI (239) heap_init: At 3FFE0440 len 00003AE0 (14 KiB): D/IRAM[0m
[0;32mI (245) heap_init: At 3FFE4350 len 0001BCB0 (111 KiB): D/IRAM[0m
[0;32mI (250) heap_init: At 4008ECEC len 00011314 (68 KiB): IRAM[0m
[0;32mI (257) spi_flash: detected chip: generic[0m
[0;32mI (259) spi_flash: flash io: dio[0m
[0;33mW (262) spi_flash: Detected size(4096k) larger than the size in the binary image header(2048k). Using the size in the binary image header.[0m
[0;32mI (275) main_task: Started on CPU0[0m
[0;32mI (285) main_task: Calling app_main()[0m
[0;32mI (285) SPI: Инициализация шины SPI[0m
[0;32mI (285) SPI: Шина инициализирована[0m
[0;32mI (285) SPI: Добавление периферийного устройства[0m
[0;32mI (295) SPI: Устройство добавлено[0m
[0;32mI (295) SPI: Полученны данные 31487 ...[0m
31487
[0;32mI (1305) SPI: Полученны данные 31486 ...[0m
31486
[0;32mI (2305) SPI: Полученны данные 31486 ...[0m
31486
[0;32mI (3305) SPI: Полученны данные 31486 ...[0m
31486
[0;32mI (4305) SPI: Полученны данные 31486 ...[0m
31486
[0;32mI (5305) SPI: Полученны данные 31486 ...[0m
31486
[0;32mI (6305) SPI: Полученны данные 31486 ...[0m
31486
[0;32mI (7305) SPI: Полученны данные 31486 ...[0m
31486
[0;32mI (8305) SPI: Полученны данные 31486 ...[0m
31486
[0;32mI (9305) SPI: Полученны данные 31486 ...[0m
31486
[0;32mI (10305) SPI: Полученны данные 31486 ...[0m
31486
[0;32mI (11305) SPI: Полученны данные 31486 ...[0m
31486
[0;32mI (12305) SPI: Полученны данные 31486 ...[0m
31486
[0;32mI (13305) SPI: Полученны данные 31486 ...[0m
31486
[0;32mI (14305) SPI: Полученны данные 31486 ...[0m
31486
[0;32mI (15305) SPI: Полученны данные 31486 ...[0m
31486
[0;32mI (16305) SPI: Полученны данные 31486 ...[0m
31486
[0;32mI (17305) SPI: Полученны данные 31486 ...[0m
31486
[0;32mI (18305) SPI: Полученны данные 31486 ...[0m
31486
[0;32mI (19305) SPI: Полученны данные 31486 ...[0m
31486
[0;32mI (20305) SPI: Полученны данные 31486 ...[0m
31486
[0;32mI (21305) SPI: Полученны данные 31486 ...[0m
31486
[0;32mI (22305) SPI: Полученны данные 31486 ...[0m
31486
[0;32mI (23305) SPI: Полученны данные 31486 ...[0m
31486
[0;32mI (24305) SPI: Полученны данные 31486 ...[0m
31486
[0;32mI (25305) SPI: Полученны данные 31486 ...[0m
31486
[0;32mI (26305) SPI: Полученны данные 31486 ...[0m
31486
[0;32mI (27305) SPI: Полученны данные 31486 ...[0m
31486
[0;32mI (28305) SPI: Полученны данные 8318 ...[0m
8318
[0;32mI (29305) SPI: Полученны данные 31359 ...[0m
31359
[0;32mI (30305) SPI: Полученны данные 31486 ...[0m
31486
[0;32mI (31305) SPI: Полученны данные 31486 ...[0m
31486
[0;32mI (32305) SPI: Полученны данные 31486 ...[0m
31486
[0;32mI (33305) SPI: Полученны данные 31486 ...[0m
31486
[0;32mI (34305) SPI: Полученны данные 31486 ...[0m
31486
[0;32mI (35305) SPI: Полученны данные 31486 ...[0m
31486
[0;32mI (36305) SPI: Полученны данные 31486 ...[0m
31486
[0;32mI (37305) SPI: Полученны данные 31486 ...[0m
31486
[0;32mI (38305) SPI: Полученны данные 31486 ...[0m
31486
[0;32mI (39305) SPI: Полученны данные 31486 ...[0m
31486
[0;32mI (40305) SPI: Полученны данные 31486 ...[0m
31486
[0;32mI (41305) SPI: Полученны данные 31486 ...[0m
31486
[0;32mI (42305) SPI: Полученны данные 31486 ...[0m
31486
[0;32mI (43305) SPI: Полученны данные 31486 ...[0m
31486
[0;32mI (44305) SPI: Полученны данные 31486 ...[0m
31486
[0;32mI (45305) SPI: Полученны данные 31486 ...[0m
31486
[0;32mI (46305) SPI: Полученны данные 31486 ...[0m
31486
[0;32mI (47305) SPI: Полученны данные 31486 ...[0m
31486
[0;32mI (48305) SPI: Полученны данные 31486 ...[0m
31486
[0;32mI (49305) SPI: Полученны данные 31486 ...[0m
31486
[0;32mI (50305) SPI: Полученны данные 31486 ...[0m
31486
[0;32mI (51305) SPI: Полученны данные 31486 ...[0m
31486
[0;32mI (52305) SPI: Полученны данные 31486 ...[0m
31486
[0;32mI (53305) SPI: Полученны данные 31486 ...[0m
31486
[0;32mI (54305) SPI: Полученны данные 31486 ...[0m
31486
[0;32mI (55305) SPI: Полученны данные 31486 ...[0m
31486
[0;32mI (56305) SPI: Полученны данные 31486 ...[0m
31486
[0;32mI (57305) SPI: Полученны данные 31486 ...[0m
31486
[0;32mI (58305) SPI: Полученны данные 31486 ...[0m
31486
[0;32mI (59305) SPI: Полученны данные 31486 ...[0m
31486
[0;32mI (60305) SPI: Полученны данные 31486 ...[0m
31486
[0;32mI (61305) SPI: Полученны данные 31486 ...[0m
31486
[0;32mI (62305) SPI: Полученны данные 31486 ...[0m
31486
[0;32mI (63305) SPI: Полученны данные 31486 ...[0m
31486
[0;32mI (64305) SPI: Полученны данные 31486 ...[0m
31486
[0;32mI (65305) SPI: Полученны данные 31486 ...[0m
31486
[0;32mI (66305) SPI: Полученны данные 31486 ...[0m
31486
[0;32mI (67305) SPI: Полученны данные 31486 ...[0m
31486
[0;32mI (68305) SPI: Полученны данные 31486 ...[0m
31486
[0;32mI (69305) SPI: Полученны данные 31486 ...[0m
31486
[0;32mI (70305) SPI: Полученны данные 31486 ...[0m
31486
[0;32mI (71305) SPI: Полученны данные 31486 ...[0m
31486
[0;32mI (72305) SPI: Полученны данные 31486 ...[0m
31486
[0;32mI (73305) SPI: Полученны данные 31486 ...[0m
31486
[0;32mI (74305) SPI: Полученны данные 31486 ...[0m
31486
[0;32mI (75305) SPI: Полученны данные 31486 ...[0m
31486
[0;32mI (76305) SPI: Полученны данные 31486 ...[0m
31486
[0;32mI (77305) SPI: Полученны данные 31486 ...[0m
31486
[0;32mI (78305) SPI: Полученны данные 31486 ...[0m
31486
[0;32mI (79305) SPI: Полученны данные 31486 ...[0m
31486
[0;32mI (80305) SPI: Полученны данные 31486 ...[0m
31486
[0;32mI (81305) SPI: Полученны данные 31486 ...[0m
31486
[0;32mI (82305) SPI: Полученны данные 31486 ...[0m
31486
[0;32mI (83305) SPI: Полученны данные 31486 ...[0m
31486
[0;32mI (84305) SPI: Полученны данные 31486 ...[0m
31486
[0;32mI (85305) SPI: Полученны данные 31486 ...[0m
