Command: /nix/store/x6sc9qfsz5ki13s9faaiblwg3js78ma8-python3-3.12.11-env/bin/python3.12 /nix/store/3kwgdiamcz3g9z6889bir2lqp0sd6paz-esp-idf-v5.5.1/tools/idf_monitor.py -p /dev/ttyUSB0 -b 115200 --toolchain-prefix xtensa-esp32-elf- --target esp32 --revision 0 /home/blank/MCU/ESP32/ESP32/McuToMcuSpiConnect/Master/build/Master.elf /home/blank/MCU/ESP32/ESP32/McuToMcuSpiConnect/Master/build/bootloader/bootloader.elf -m '/nix/store/x6sc9qfsz5ki13s9faaiblwg3js78ma8-python3-3.12.11-env/bin/python3.12' '/nix/store/3kwgdiamcz3g9z6889bir2lqp0sd6paz-esp-idf-v5.5.1/tools/idf.py'
3.1
[0;32mI (226) heap_init: Initializing. RAM available for dynamic allocation�ets Jul 29 2019 12:21:46[0m

rst:0x1 (POWERON_RESET),boot:0x13 (SPI_FAST_FLASH_BOOT)
configsip: 0, SPIWP:0xee
clk_drv:0x00,q_drv:0x00,d_drv:0x00,cs0_drv:0x00,hd_drv:0x00,wp_drv:0x00
mode:DIO, clock div:2
load:0x3fff0030,len:6380
ho 0 tail 12 room 4
load:0x40078000,len:15916
load:0x40080400,len:3860
entry 0x40080638
[0;32mI (29) boot: ESP-IDF v5.5.1 2nd stage bootloader[0m
[0;32mI (29) boot: compile time Jan  1 1980 00:00:00[0m
[0;32mI (29) boot: Multicore bootloader[0m
[0;32mI (31) boot: chip revision: v3.1[0m
[0;32mI (33) boot.esp32: SPI Speed      : 40MHz[0m
[0;32mI (37) boot.esp32: SPI Mode       : DIO[0m
[0;32mI (41) boot.esp32: SPI Flash Size : 2MB[0m
[0;32mI (44) boot: Enabling RNG early entropy source...[0m
[0;32mI (49) boot: Partition Table:[0m
[0;32mI (51) boot: ## Label            Usage          Type ST Offset   Length[0m
[0;32mI (58) boot:  0 nvs              WiFi data        01 02 00009000 00006000[0m
[0;32mI (64) boot:  1 phy_init         RF data          01 01 0000f000 00001000[0m
[0;32mI (71) boot:  2 factory          factory app      00 00 00010000 00100000[0m
[0;32mI (77) boot: End of partition table[0m
[0;32mI (81) esp_image: segment 0: paddr=00010020 vaddr=3f400020 size=0b320h ( 45856) map[0m
[0;32mI (104) esp_image: segment 1: paddr=0001b348 vaddr=3ffb0000 size=02560h (  9568) load[0m
[0;32mI (107) esp_image: segment 2: paddr=0001d8b0 vaddr=40080000 size=02768h ( 10088) load[0m
[0;32mI (112) esp_image: segment 3: paddr=00020020 vaddr=400d0020 size=15ca0h ( 89248) map[0m
[0;32mI (146) esp_image: segment 4: paddr=00035cc8 vaddr=40082768 size=0c57ch ( 50556) load[0m
[0;32mI (166) esp_image: segment 5: paddr=0004224c vaddr=50000000 size=00020h (    32) load[0m
[0;32mI (173) boot: Loaded app from partition at offset 0x10000[0m
[0;32mI (173) boot: Disabling RNG early entropy source...[0m
[0;32mI (184) cpu_start: Multicore app[0m
[0;32mI (192) cpu_start: Pro cpu start user code[0m
[0;32mI (192) cpu_start: cpu freq: 160000000 Hz[0m
[0;32mI (192) app_init: Application information:[0m
[0;32mI (192) app_init: Project name:     Master[0m
[0;32mI (196) app_init: App version:      eb013d3-dirty[0m
[0;32mI (200) app_init: Compile time:     Jan  1 1980 00:00:00[0m
[0;32mI (205) app_init: ELF file SHA256:  b9bdbd3fb...[0m
[0;32mI (210) app_init: ESP-IDF:          v5.5.1[0m
[0;32mI (214) efuse_init: Min chip rev:     v0.0[0m
[0;32mI (217) efuse_init: Max chip rev:     v3.99 [0m
[0;32mI (221) efuse_init: Chip rev:         v3.1[0m
[0;32mI (225) heap_init: Initializing. RAM available for dynamic allocation:[0m
[0;32mI (232) heap_init: At 3FFAE6E0 len 00001920 (6 KiB): DRAM[0m
[0;32mI (237) heap_init: At 3FFB2E60 len 0002D1A0 (180 KiB): DRAM[0m
[0;32mI (242) heap_init: At 3FFE0440 len 00003AE0 (14 KiB): D/IRAM[0m
[0;32mI (247) heap_init: At 3FFE4350 len 0001BCB0 (111 KiB): D/IRAM[0m
[0;32mI (253) heap_init: At 4008ECE4 len 0001131C (68 KiB): IRAM[0m
[0;32mI (259) spi_flash: detected chip: generic[0m
[0;32mI (262) spi_flash: flash io: dio[0m
[0;33mW (265) spi_flash: Detected size(4096k) larger than the size in the binary image header(2048k). Using the size in the binary image header.[0m
[0;32mI (277) main_task: Started on CPU0[0m
[0;32mI (287) main_task: Calling app_main()[0m
[0;32mI (287) SPI Master: Инициализация интерфейса SPI...[0m
[0;32mI (287) SPI Master: УСПЕШНА[0m
[0;32mI (287) SPI Master: Добавление устройства к шине SPI[0m
[0;32mI (297) SPI Master: УСПЕШНА[0m
[0;32mI (297) SPI Master: Передача данных 0 ...[0m
[0;32mI (5307) SPI Master: Передача данных 16 ...[0m
[0;32mI (10307) SPI Master: Передача данных 0 ...[0m
[0;32mI (15307) SPI Master: Передача данных 16 ...[0m
[0;32mI (20307) SPI Master: Передача данных 0 ...[0m
[0;32mI (25307) SPI Master: Передача данных 16 ...[0m
[0;32mI (30307) SPI Master: Передача данных 0 ...[0m
[0;32mI (35307) SPI Master: Передача данных 16 ...[0m
[0;32mI (40307) SPI Master: Передача данных 0 ...[0m
[0;32mI (45307) SPI Master: Передача данных 16 ...[0m
[0;32mI (50307) SPI Master: Передача данных 0 ...[0m
[0;32mI (55307) SPI Master: Передача данных 16 ...[0m
[0;32mI (60307) SPI Master: Передача данных 0 ...[0m
[0;32mI (65307) SPI Master: Передача данных 16 ...[0m
[0;32mI (70307) SPI Master: Передача данных 0 ...[0m
[0;32mI (75307) SPI Master: Передача данных 16 ...[0m
[0;32mI (80307) SPI Master: Передача данных 0 ...[0m
[0;32mI (85307) SPI Master: Передача данных 16 ...[0m
[0;32mI (90307) SPI Master: Передача данных 0 ...[0m
[0;32mI (95307) SPI Master: Передача данных 16 ...[0m
[0;32mI (100307) SPI Master: Передача данных 0 ...[0m
[0;32mI (105307) SPI Master: Передача данных 16 ...[0m
[0;32mI (110307) SPI Master: Передача данных 0 ...[0m
[0;32mI (115307) SPI Master: Передача данных 16 ...[0m
[0;32mI (120307) SPI Master: Передача данных 0 ...[0m
[0;32mI (125307) SPI Master: Передача данных 16 ...[0m
[0;32mI (130307) SPI Master: Передача данных 0 ...[0m
[0;32mI (135307) SPI Master: Передача данных 16 ...[0m
[0;32mI (140307) SPI Master: Передача данных 0 ...[0m
[0;32mI (145307) SPI Master: Передача данных 16 ...[0m
[0;32mI (150307) SPI Master: Передача данных 0 ...[0m
[0;32mI (155307) SPI Master: Передача данных 16 ...[0m
[0;32mI (160307) SPI Master: Передача данных 0 ...[0m
[0;32mI (165307) SPI Master: Передача данных 16 ...[0m
[0;32mI (170307) SPI Master: Передача данных 0 ...[0m
[0;32mI (175307) SPI Master: Передача данных 16 ...[0m
[0;32mI (180307) SPI Master: Передача данных 0 ...[0m
[0;32mI (185307) SPI Master: Передача данных 16 ...[0m
[0;32mI (190307) SPI Master: Передача данных 0 ...[0m
[0;32mI (195307) SPI Master: Передача данных 16 ...[0m
zation sequence
[0;32mI (946) st7735: cmd e0[0m
[0;32mI (946) st7735: cmd e1[0m
[0;32mI (946) st7735: cmd 13[0m
[0;32mI (946) st7735: cmd 29[0m
[0;32mI (956) st7735: send init commands success[0m
[0;32mI (956) ST7735: Инициализация LVGL...[0m
[0;32mI (966) LVGL: Starting LVGL task[0m
[0;32mI (976) ST7735: УСПЕШНА[0m
[0;32mI (926) st7735: cmd b1[0m
[0;32mI (926) st7735: cmd b2[0m
[0;32mI (926) st7735: cmd b3[0m
[0;32mI (926) st7735: cmd b4[0m
[0;32mI (926) st7735: cmd c0[0m
[0;32mI (926) st7735: cmd c1[0m
[0;32mI (926) st7735: cmd c2[0m
[0;32mI (926) st7735: cmd c3[0m
[0;32mI (926) st7735: cmd c4[0m
[0;32mI (926) st7735: cmd c5[0m
[0;32mI (926) st7735: cmd 20[0m
[0;32mI (936) st7735: cmd 3a[0m
[0;33mW (936) st7735: The 3Ah command has been used and will be overwritten by external initialization sequence[0m
[0;32mI (946) st7735: cmd e0[0m
[0;32mI (946) st7735: cmd e1[0m
[0;32mI (946) st7735: cmd 13[0m
[0;32mI (946) st7735: cmd 29[0m
[0;32mI (956) st7735: send init commands success[0m
[0;32mI (956) ST7735: Инициализация LVGL...[0m
[0;32mI (966) LVGL: Starting LVGL task[0m
[0;32mI (976) ST7735: УСПЕШНА[0m
