Command: /nix/store/yxn8caq88x7ncmsbvqn51wk7pwqmvivc-python3-3.13.9-env/bin/python /nix/store/516xlp8n62j0jwj47gjyy6w120zi3rd8-esp-idf-v5.5.2/tools/idf_monitor.py -p /dev/ttyUSB0 -b 115200 --toolchain-prefix xtensa-esp32-elf- --target esp32 --revision 0 /home/blank/MCU/ESP32/ESP32/tesdt/build/tesdt.elf /home/blank/MCU/ESP32/ESP32/tesdt/build/bootloader/bootloader.elf -m '/nix/store/yxn8caq88x7ncmsbvqn51wk7pwqmvivc-python3-3.13.9-env/bin/python' '/nix/store/516xlp8n62j0jwj47gjyy6w120zi3rd8-esp-idf-v5.5.2/tools/idf.py'
  v3.99 
[0;32mI (210) efuse_init: Chip rev:         v3.1[0m
[0;32mI (215) heap_init: I�ets Jul 29 2019 12:21:46[0m

rst:0x1 (POWERON_RESET),boot:0x13 (SPI_FAST_FLASH_BOOT)
configsip: 0, SPIWP:0xee
clk_drv:0x00,q_drv:0x00,d_drv:0x00,cs0_drv:0x00,hd_drv:0x00,wp_drv:0x00
mode:DIO, clock div:2
load:0x3fff0030,len:6384
load:0x40078000,len:15916
load:0x40080400,len:3920
entry 0x40080644
[0;32mI (27) boot: ESP-IDF v5.5.2 2nd stage bootloader[0m
[0;32mI (27) boot: compile time Jan  1 1980 00:00:00[0m
[0;32mI (28) boot: Multicore bootloader[0m
[0;32mI (29) boot: chip revision: v3.1[0m
[0;32mI (32) boot.esp32: SPI Speed      : 40MHz[0m
[0;32mI (35) boot.esp32: SPI Mode       : DIO[0m
[0;32mI (39) boot.esp32: SPI Flash Size : 2MB[0m
[0;32mI (42) boot: Enabling RNG early entropy source...[0m
[0;32mI (47) boot: Partition Table:[0m
[0;32mI (49) boot: ## Label            Usage          Type ST Offset   Length[0m
[0;32mI (56) boot:  0 nvs              WiFi data        01 02 00009000 00006000[0m
[0;32mI (62) boot:  1 phy_init         RF data          01 01 0000f000 00001000[0m
[0;32mI (69) boot:  2 factory          factory app      00 00 00010000 00100000[0m
[0;32mI (75) boot: End of partition table[0m
[0;32mI (79) esp_image: segment 0: paddr=00010020 vaddr=3f400020 size=09f74h ( 40820) map[0m
[0;32mI (100) esp_image: segment 1: paddr=00019f9c vaddr=3ffb0000 size=02430h (  9264) load[0m
[0;32mI (104) esp_image: segment 2: paddr=0001c3d4 vaddr=40080000 size=03c44h ( 15428) load[0m
[0;32mI (110) esp_image: segment 3: paddr=00020020 vaddr=400d0020 size=10038h ( 65592) map[0m
[0;32mI (134) esp_image: segment 4: paddr=00030060 vaddr=40083c44 size=09378h ( 37752) load[0m
[0;32mI (149) esp_image: segment 5: paddr=000393e0 vaddr=50000000 size=00020h (    32) load[0m
[0;32mI (156) boot: Loaded app from partition at offset 0x10000[0m
[0;32mI (156) boot: Disabling RNG early entropy source...[0m
[0;32mI (167) cpu_start: Multicore app[0m
[0;32mI (175) cpu_start: GPIO 3 and 1 are used as console UART I/O pins[0m
[0;32mI (176) cpu_start: Pro cpu start user code[0m
[0;32mI (176) cpu_start: cpu freq: 160000000 Hz[0m
[0;32mI (177) app_init: Application information:[0m
[0;32mI (181) app_init: Project name:     tesdt[0m
[0;32mI (185) app_init: App version:      145def54-dirty[0m
[0;32mI (189) app_init: Compile time:     Jan  1 1980 00:00:00[0m
[0;32mI (195) app_init: ELF file SHA256:  b810f8b8f...[0m
[0;32mI (199) app_init: ESP-IDF:          v5.5.2[0m
[0;32mI (203) efuse_init: Min chip rev:     v0.0[0m
[0;32mI (206) efuse_init: Max chip rev:     v3.99 [0m
[0;32mI (210) efuse_init: Chip rev:         v3.1[0m
[0;32mI (215) heap_init: Initializing. RAM available for dynamic allocation:[0m
[0;32mI (221) heap_init: At 3FFAE6E0 len 00001920 (6 KiB): DRAM[0m
[0;32mI (226) heap_init: At 3FFB2CF8 len 0002D308 (180 KiB): DRAM[0m
[0;32mI (231) heap_init: At 3FFE0440 len 00003AE0 (14 KiB): D/IRAM[0m
[0;32mI (236) heap_init: At 3FFE4350 len 0001BCB0 (111 KiB): D/IRAM[0m
[0;32mI (242) heap_init: At 4008CFBC len 00013044 (76 KiB): IRAM[0m
[0;32mI (249) spi_flash: detected chip: generic[0m
[0;32mI (251) spi_flash: flash io: dio[0m
[0;33mW (254) spi_flash: Detected size(4096k) larger than the size in the binary image header(2048k). Using the size in the binary image header.[0m
[0;32mI (267) main_task: Started on CPU0[0m
[0;32mI (277) main_task: Calling app_main()[0m
[0;32mI (2827) MATRIX: Нажата кнопка 4[0m
[0;32mI (3727) MATRIX: Нажата кнопка 1[0m
[0;32mI (4327) MATRIX: Нажата кнопка 2[0m
[0;32mI (5227) MATRIX: Нажата кнопка 3[0m
[0;32mI (9177) MATRIX: Нажата кнопка 6[0m
[0;32mI (10077) MATRIX: Нажата кнопка 5[0m
[0;32mI (10227) MATRIX: Нажата кнопка 5[0m
[0;32mI (10677) MATRIX: Нажата кнопка 4[0m
[0;32mI (10827) MATRIX: Нажата кнопка 4[0m
[0;32mI (11277) MATRIX: Нажата кнопка 7[0m
[0;32mI (11427) MATRIX: Нажата кнопка 7[0m
[0;32mI (14177) MATRIX: Нажата кнопка  [0m
[0;32mI (15827) MATRIX: Нажата кнопка 7[0m
[0;32mI (16427) MATRIX: Нажата кнопка 8[0m
[0;32mI (16577) MATRIX: Нажата кнопка 8[0m
[0;32mI (17027) MATRIX: Нажата кнопка 8[0m
[0;32mI (17627) MATRIX: Нажата кнопка 8[0m
[0;32mI (17927) MATRIX: Нажата кнопка 8[0m
[0;32mI (18377) MATRIX: Нажата кнопка 9[0m
[0;32mI (18677) MATRIX: Нажата кнопка 9[0m
[0;32mI (18827) MATRIX: Нажата кнопка 9[0m
[0;32mI (26627) MATRIX: Нажата кнопка  [0m
[0;32mI (27377) MATRIX: Нажата кнопка 7[0m
[0;32mI (27527) MATRIX: Нажата кнопка 7[0m
[0;32mI (27977) MATRIX: Нажата кнопка 8[0m
[0;32mI (28127) MATRIX: Нажата кнопка 8[0m
[0;32mI (29327) MATRIX: Нажата кнопка 9[0m
[0;32mI (29477) MATRIX: Нажата кнопка 9[0m
[0;32mI (53327) MATRIX: Нажата кнопка  [0m
[0;32mI (54327) MATRIX: Нажата кнопка 7[0m
[0;32mI (54477) MATRIX: Нажата кнопка 7[0m
[0;32mI (55777) MATRIX: Нажата кнопка 4[0m
[0;32mI (55927) MATRIX: Нажата кнопка 4[0m
